#
# There is insufficient memory for the Java Runtime Environment to continue.
# Native memory allocation (malloc) failed to allocate 1464864 bytes. Error detail: Chunk::new
# Possible reasons:
#   The system is out of physical RAM or swap space
#   This process is running with CompressedOops enabled, and the Java Heap may be blocking the growth of the native heap
# Possible solutions:
#   Reduce memory load on the system
#   Increase physical memory or swap space
#   Check if swap backing store is full
#   Decrease Java heap size (-Xmx/-Xms)
#   Decrease number of Java threads
#   Decrease Java thread stack sizes (-Xss)
#   Set larger code cache with -XX:ReservedCodeCacheSize=
#   JVM is running with Unscaled Compressed Oops mode in which the Java heap is
#     placed in the first 4GB address space. The Java Heap base address is the
#     maximum limit for the native heap growth. Please use -XX:HeapBaseMinAddress
#     to set the Java Heap base and to place the Java Heap above 4GB virtual address.
# This output file may be truncated or incomplete.
#
#  Out of Memory Error (arena.cpp:191), pid=15468, tid=2948
#
# JRE version: OpenJDK Runtime Environment Microsoft-14940689 (17.0.20.1+1) (build 17.0.20.1+1-LTS)
# Java VM: OpenJDK 64-Bit Server VM Microsoft-14940689 (17.0.20.1+1-LTS, mixed mode, sharing, tiered, compressed oops, compressed class ptrs, g1 gc, windows-amd64)
# No core dump will be written. Minidumps are not enabled by default on client versions of Windows
#

---------------  S U M M A R Y ------------

Command Line: --add-opens=java.base/java.lang=ALL-UNNAMED --add-opens=java.base/java.lang.invoke=ALL-UNNAMED --add-opens=java.base/java.util=ALL-UNNAMED --add-opens=java.prefs/java.util.prefs=ALL-UNNAMED --add-exports=jdk.compiler/com.sun.tools.javac.api=ALL-UNNAMED --add-exports=jdk.compiler/com.sun.tools.javac.util=ALL-UNNAMED --add-opens=java.base/java.nio.charset=ALL-UNNAMED --add-opens=java.base/java.net=ALL-UNNAMED --add-opens=java.base/java.util.concurrent=ALL-UNNAMED --add-opens=java.base/java.util.concurrent.atomic=ALL-UNNAMED --add-opens=java.xml/javax.xml.namespace=ALL-UNNAMED --add-opens=java.base/java.time=ALL-UNNAMED -XX:MaxMetaspaceSize=384m -XX:+HeapDumpOnOutOfMemoryError -Xms256m -Xmx512m -Dfile.encoding=UTF-8 -Duser.country=CN -Duser.language=zh -Duser.variant -javaagent:C:\Users\qw100\.gradle\wrapper\dists\gradle-9.7.1-bin\1w1c7tv4s851m17nbqdsro2tv\gradle-9.7.1\lib\agents\gradle-instrumentation-agent-9.7.1.jar org.gradle.launcher.daemon.bootstrap.GradleDaemon 9.7.1

Host: AMD Ryzen 5 5500U with Radeon Graphics         , 12 cores, 7G,  Windows 10 , 64 bit Build 19041 (10.0.19041.5915)
Time: Wed Sep 23 16:27:59 2026  Windows 10 , 64 bit Build 19041 (10.0.19041.5915) elapsed time: 5.855624 seconds (0d 0h 0m 5s)

---------------  T H R E A D  ---------------

Current thread (0x0000019d34c62320):  JavaThread "C2 CompilerThread0" daemon [_thread_in_native, id=2948, stack(0x00000098ec200000,0x00000098ec300000)]


Current CompileTask:
C2:5855 3640       4       java.net.URLClassLoader$1::run (5 bytes)

Stack: [0x00000098ec200000,0x00000098ec300000]
Native frames: (J=compiled Java code, j=interpreted, Vv=VM code, C=native code)
V  [jvm.dll+0x68d159]  (no source info available)
V  [jvm.dll+0x8462c9]  (no source info available)
V  [jvm.dll+0x84803b]  (no source info available)
V  [jvm.dll+0x8486c3]  (no source info available)
V  [jvm.dll+0x24d12f]  (no source info available)
V  [jvm.dll+0xaed56]  (no source info available)
V  [jvm.dll+0xaf3fc]  (no source info available)
V  [jvm.dll+0x37193e]  (no source info available)
V  [jvm.dll+0x1c0a39]  (no source info available)
V  [jvm.dll+0x21e190]  (no source info available)
V  [jvm.dll+0x21d482]  (no source info available)
V  [jvm.dll+0x1a8db6]  (no source info available)
V  [jvm.dll+0x22dcdb]  (no source info available)
V  [jvm.dll+0x22be66]  (no source info available)
V  [jvm.dll+0x7fc40b]  (no source info available)
V  [jvm.dll+0x7f67dc]  (no source info available)
V  [jvm.dll+0x68e6f7]  (no source info available)
C  [ucrtbase.dll+0x21bb2]  (no source info available)
C  [KERNEL32.DLL+0x17374]  (no source info available)
C  [ntdll.dll+0x4cc91]  (no source info available)


---------------  P R O C E S S  ---------------

Threads class SMR info:
_java_thread_list=0x0000019d53059e20, length=37, elements={
0x0000019d19bdf310, 0x0000019d34c33a40, 0x0000019d34c34510, 0x0000019d34c4f5a0,
0x0000019d34c51f80, 0x0000019d34c54860, 0x0000019d34c5d750, 0x0000019d34c62320,
0x0000019d34c83500, 0x0000019d34c83e10, 0x0000019d4e0f0c30, 0x0000019d4e0f1140,
0x0000019d4e0f1650, 0x0000019d4e0f1b60, 0x0000019d4e0f2070, 0x0000019d4e0f2580,
0x0000019d4e0f2a90, 0x0000019d4e0f2fa0, 0x0000019d4e0f34b0, 0x0000019d4e0efd00,
0x0000019d4e0f0210, 0x0000019d4fccb860, 0x0000019d4fccbd70, 0x0000019d4fccc280,
0x0000019d4fccc790, 0x0000019d50731060, 0x0000019d4fcccca0, 0x0000019d4fccd1b0,
0x0000019d4fcca420, 0x0000019d4fcca930, 0x0000019d4fccae40, 0x0000019d4fccb350,
0x0000019d512e7ab0, 0x0000019d512e1060, 0x0000019d512e7fc0, 0x0000019d512e4d20,
0x0000019d512e5740
}

Java Threads: ( => current thread )
  0x0000019d19bdf310 JavaThread "main" [_thread_blocked, id=7388, stack(0x00000098eb500000,0x00000098eb600000)]
  0x0000019d34c33a40 JavaThread "Reference Handler" daemon [_thread_blocked, id=9616, stack(0x00000098ebc00000,0x00000098ebd00000)]
  0x0000019d34c34510 JavaThread "Finalizer" daemon [_thread_blocked, id=19052, stack(0x00000098ebd00000,0x00000098ebe00000)]
  0x0000019d34c4f5a0 JavaThread "Signal Dispatcher" daemon [_thread_blocked, id=22496, stack(0x00000098ebe00000,0x00000098ebf00000)]
  0x0000019d34c51f80 JavaThread "Attach Listener" daemon [_thread_blocked, id=18280, stack(0x00000098ebf00000,0x00000098ec000000)]
  0x0000019d34c54860 JavaThread "Service Thread" daemon [_thread_blocked, id=17888, stack(0x00000098ec000000,0x00000098ec100000)]
  0x0000019d34c5d750 JavaThread "Monitor Deflation Thread" daemon [_thread_blocked, id=12516, stack(0x00000098ec100000,0x00000098ec200000)]
=>0x0000019d34c62320 JavaThread "C2 CompilerThread0" daemon [_thread_in_native, id=2948, stack(0x00000098ec200000,0x00000098ec300000)]
  0x0000019d34c83500 JavaThread "C1 CompilerThread0" daemon [_thread_in_vm, id=14048, stack(0x00000098ec300000,0x00000098ec400000)]
  0x0000019d34c83e10 JavaThread "Sweeper thread" daemon [_thread_blocked, id=21756, stack(0x00000098ec400000,0x00000098ec500000)]
  0x0000019d4e0f0c30 JavaThread "Common-Cleaner" daemon [_thread_blocked, id=12904, stack(0x00000098ec500000,0x00000098ec600000)]
  0x0000019d4e0f1140 JavaThread "Notification Thread" daemon [_thread_blocked, id=13588, stack(0x00000098ec600000,0x00000098ec700000)]
  0x0000019d4e0f1650 JavaThread "Daemon health stats" [_thread_blocked, id=21016, stack(0x00000098ece00000,0x00000098ecf00000)]
  0x0000019d4e0f1b60 JavaThread "Incoming local TCP Connector on port 52358" [_thread_in_native, id=19484, stack(0x00000098ec800000,0x00000098ec900000)]
  0x0000019d4e0f2070 JavaThread "Daemon periodic checks" [_thread_blocked, id=15128, stack(0x00000098ecf00000,0x00000098ed000000)]
  0x0000019d4e0f2580 JavaThread "Daemon" [_thread_blocked, id=21616, stack(0x00000098ed000000,0x00000098ed100000)]
  0x0000019d4e0f2a90 JavaThread "Handler for socket connection from /127.0.0.1:52358 to /127.0.0.1:52359" [_thread_in_native, id=22096, stack(0x00000098ed100000,0x00000098ed200000)]
  0x0000019d4e0f2fa0 JavaThread "Cancel handler" [_thread_blocked, id=6804, stack(0x00000098ed200000,0x00000098ed300000)]
  0x0000019d4e0f34b0 JavaThread "Daemon worker" [_thread_in_Java, id=22180, stack(0x00000098ed300000,0x00000098ed400000)]
  0x0000019d4e0efd00 JavaThread "Asynchronous log dispatcher for DefaultDaemonConnection: socket connection from /127.0.0.1:52358 to /127.0.0.1:52359" [_thread_blocked, id=4876, stack(0x00000098ed400000,0x00000098ed500000)]
  0x0000019d4e0f0210 JavaThread "Stdin handler" [_thread_blocked, id=14960, stack(0x00000098ed500000,0x00000098ed600000)]
  0x0000019d4fccb860 JavaThread "Daemon client event forwarder" [_thread_blocked, id=21280, stack(0x00000098ed600000,0x00000098ed700000)]
  0x0000019d4fccbd70 JavaThread "Cache worker for journal cache (C:\Users\qw100\.gradle\caches\journal-1)" [_thread_blocked, id=17492, stack(0x00000098ed700000,0x00000098ed800000)]
  0x0000019d4fccc280 JavaThread "File lock request listener" [_thread_in_native, id=20128, stack(0x00000098ed800000,0x00000098ed900000)]
  0x0000019d4fccc790 JavaThread "Cache worker for file hash cache (C:\Users\qw100\.gradle\caches\9.7.1\fileHashes)" [_thread_blocked, id=8032, stack(0x00000098ed900000,0x00000098eda00000)]
  0x0000019d50731060 JavaThread "C2 CompilerThread1" daemon [_thread_in_native, id=19340, stack(0x00000098eda00000,0x00000098edb00000)]
  0x0000019d4fcccca0 JavaThread "Cache worker for file hash cache (D:\so-project\ledger\.gradle\9.7.1\fileHashes)" [_thread_blocked, id=10420, stack(0x00000098ee100000,0x00000098ee200000)]
  0x0000019d4fccd1b0 JavaThread "Cache worker for Build Output Cleanup Cache (D:\so-project\ledger\.gradle\buildOutputCleanup)" [_thread_blocked, id=22140, stack(0x00000098ee200000,0x00000098ee300000)]
  0x0000019d4fcca420 JavaThread "File watcher server" daemon [_thread_in_native, id=18796, stack(0x00000098ee300000,0x00000098ee400000)]
  0x0000019d4fcca930 JavaThread "File watcher consumer" daemon [_thread_blocked, id=10472, stack(0x00000098ee400000,0x00000098ee500000)]
  0x0000019d4fccae40 JavaThread "Cache worker for file content cache (C:\Users\qw100\.gradle\caches\9.7.1\fileContent)" [_thread_blocked, id=13004, stack(0x00000098ee500000,0x00000098ee600000)]
  0x0000019d4fccb350 JavaThread "Cache worker for checksums cache (D:\so-project\ledger\.gradle\9.7.1\checksums)" [_thread_blocked, id=22840, stack(0x00000098ee600000,0x00000098ee700000)]
  0x0000019d512e7ab0 JavaThread "Cache worker for cache directory md-supplier (C:\Users\qw100\.gradle\caches\9.7.1\md-supplier)" [_thread_blocked, id=14436, stack(0x00000098ee700000,0x00000098ee800000)]
  0x0000019d512e1060 JavaThread "Cache worker for cache directory md-rule (C:\Users\qw100\.gradle\caches\9.7.1\md-rule)" [_thread_blocked, id=23460, stack(0x00000098ee800000,0x00000098ee900000)]
  0x0000019d512e7fc0 JavaThread "jar transforms" [_thread_blocked, id=21276, stack(0x00000098ee900000,0x00000098eea00000)]
  0x0000019d512e4d20 JavaThread "jar transforms Thread 2" [_thread_blocked, id=21480, stack(0x00000098eea00000,0x00000098eeb00000)]
  0x0000019d512e5740 JavaThread "jar transforms Thread 3" [_thread_blocked, id=18740, stack(0x00000098eeb00000,0x00000098eec00000)]

Other Threads:
  0x0000019d34c2c1d0 VMThread "VM Thread" [stack: 0x00000098ebb00000,0x00000098ebc00000] [id=18428]
  0x0000019d4e191270 WatcherThread [stack: 0x00000098ec700000,0x00000098ec800000] [id=3344]
  0x0000019d19c10b50 GCTaskThread "GC Thread#0" [stack: 0x00000098eb600000,0x00000098eb700000] [id=21628]
  0x0000019d4e6739f0 GCTaskThread "GC Thread#1" [stack: 0x00000098ec900000,0x00000098eca00000] [id=21032]
  0x0000019d4f2d13b0 GCTaskThread "GC Thread#2" [stack: 0x00000098eca00000,0x00000098ecb00000] [id=10704]
  0x0000019d4f1f9f00 GCTaskThread "GC Thread#3" [stack: 0x00000098ecb00000,0x00000098ecc00000] [id=15408]
  0x0000019d4ed35260 GCTaskThread "GC Thread#4" [stack: 0x00000098ecc00000,0x00000098ecd00000] [id=6712]
  0x0000019d4ed36340 GCTaskThread "GC Thread#5" [stack: 0x00000098ecd00000,0x00000098ece00000] [id=9504]
  0x0000019d4ed35ad0 GCTaskThread "GC Thread#6" [stack: 0x00000098edb00000,0x00000098edc00000] [id=1444]
  0x0000019d4ed35da0 GCTaskThread "GC Thread#7" [stack: 0x00000098edc00000,0x00000098edd00000] [id=18180]
  0x0000019d50a76a60 GCTaskThread "GC Thread#8" [stack: 0x00000098edd00000,0x00000098ede00000] [id=9316]
  0x0000019d50a78950 GCTaskThread "GC Thread#9" [stack: 0x00000098ede00000,0x00000098edf00000] [id=9372]
  0x0000019d19c16070 ConcurrentGCThread "G1 Main Marker" [stack: 0x00000098eb700000,0x00000098eb800000] [id=1992]
  0x0000019d19c16840 ConcurrentGCThread "G1 Conc#0" [stack: 0x00000098eb800000,0x00000098eb900000] [id=18368]
  0x0000019d50a76d30 ConcurrentGCThread "G1 Conc#1" [stack: 0x00000098edf00000,0x00000098ee000000] [id=23428]
  0x0000019d50a75f20 ConcurrentGCThread "G1 Conc#2" [stack: 0x00000098ee000000,0x00000098ee100000] [id=22392]
  0x0000019d34af0140 ConcurrentGCThread "G1 Refine#0" [stack: 0x00000098eb900000,0x00000098eba00000] [id=17820]
  0x0000019d34af0930 ConcurrentGCThread "G1 Service" [stack: 0x00000098eba00000,0x00000098ebb00000] [id=22780]

Threads with active compile tasks:
C2 CompilerThread0  5884 3640       4       java.net.URLClassLoader$1::run (5 bytes)
C1 CompilerThread0  5884 3857       3       jdk.internal.org.objectweb.asm.Frame::execute (2305 bytes)
C2 CompilerThread1  5884 3680       4       java.net.URLStreamHandler::toExternalForm (156 bytes)

VM state: not at safepoint (normal execution)

VM Mutex/Monitor currently owned by a thread: None

Heap address: 0x00000000e0000000, size: 512 MB, Compressed Oops mode: 32-bit

CDS archive(s) mapped at: [0x0000019d35000000-0x0000019d35bb0000-0x0000019d35bb0000), size 12255232, SharedBaseAddress: 0x0000019d35000000, ArchiveRelocationMode: 1.
Compressed class space mapped at: 0x0000019d36000000-0x0000019d4a000000, reserved size: 335544320
Narrow klass base: 0x0000019d35000000, Narrow klass shift: 0, Narrow klass range: 0x100000000

GC Precious Log:
 CPUs: 12 total, 12 available
 Memory: 7530M
 Large Page Support: Disabled
 NUMA Support: Disabled
 Compressed Oops: Enabled (32-bit)
 Heap Region Size: 1M
 Heap Min Capacity: 256M
 Heap Initial Capacity: 256M
 Heap Max Capacity: 512M
 Pre-touch: Disabled
 Parallel Workers: 10
 Concurrent Workers: 3
 Concurrent Refinement Workers: 10
 Periodic GC: Disabled

Heap:
 garbage-first heap   total 262144K, used 125664K [0x00000000e0000000, 0x0000000100000000)
  region size 1024K, 102 young (104448K), 2 survivors (2048K)
 Metaspace       used 34115K, committed 34688K, reserved 393216K
  class space    used 4911K, committed 5184K, reserved 327680K

Heap Regions: E=young(eden), S=young(survivor), O=old, HS=humongous(starts), HC=humongous(continues), CS=collection set, F=free, OA=open archive, CA=closed archive, TAMS=top-at-mark-start (previous, next)
|   0|0x00000000e0000000, 0x00000000e0100000, 0x00000000e0100000|100%|HS|  |TAMS 0x00000000e0100000, 0x00000000e0000000| Complete 
|   1|0x00000000e0100000, 0x00000000e0200000, 0x00000000e0200000|100%|HC|  |TAMS 0x00000000e0200000, 0x00000000e0100000| Complete 
|   2|0x00000000e0200000, 0x00000000e0300000, 0x00000000e0300000|100%|HC|  |TAMS 0x00000000e0300000, 0x00000000e0200000| Complete 
|   3|0x00000000e0300000, 0x00000000e0400000, 0x00000000e0400000|100%|HC|  |TAMS 0x00000000e0400000, 0x00000000e0300000| Complete 
|   4|0x00000000e0400000, 0x00000000e0500000, 0x00000000e0500000|100%| O|  |TAMS 0x00000000e0500000, 0x00000000e0400000| Untracked 
|   5|0x00000000e0500000, 0x00000000e0600000, 0x00000000e0600000|100%| O|  |TAMS 0x00000000e0600000, 0x00000000e0500000| Untracked 
|   6|0x00000000e0600000, 0x00000000e0700000, 0x00000000e0700000|100%| O|  |TAMS 0x00000000e0700000, 0x00000000e0600000| Untracked 
|   7|0x00000000e0700000, 0x00000000e0800000, 0x00000000e0800000|100%| O|  |TAMS 0x00000000e0800000, 0x00000000e0700000| Untracked 
|   8|0x00000000e0800000, 0x00000000e0900000, 0x00000000e0900000|100%| O|  |TAMS 0x00000000e0900000, 0x00000000e0800000| Untracked 
|   9|0x00000000e0900000, 0x00000000e0a00000, 0x00000000e0a00000|100%| O|  |TAMS 0x00000000e0a00000, 0x00000000e0900000| Untracked 
|  10|0x00000000e0a00000, 0x00000000e0b00000, 0x00000000e0b00000|100%| O|  |TAMS 0x00000000e0ab8c00, 0x00000000e0a00000| Untracked 
|  11|0x00000000e0b00000, 0x00000000e0c00000, 0x00000000e0c00000|100%|HS|  |TAMS 0x00000000e0c00000, 0x00000000e0b00000| Complete 
|  12|0x00000000e0c00000, 0x00000000e0d00000, 0x00000000e0d00000|100%| O|  |TAMS 0x00000000e0c00000, 0x00000000e0c00000| Untracked 
|  13|0x00000000e0d00000, 0x00000000e0e00000, 0x00000000e0e00000|100%| O|  |TAMS 0x00000000e0d00000, 0x00000000e0d00000| Untracked 
|  14|0x00000000e0e00000, 0x00000000e0f00000, 0x00000000e0f00000|100%| O|  |TAMS 0x00000000e0e00000, 0x00000000e0e00000| Untracked 
|  15|0x00000000e0f00000, 0x00000000e1000000, 0x00000000e1000000|100%| O|  |TAMS 0x00000000e0f00000, 0x00000000e0f00000| Untracked 
|  16|0x00000000e1000000, 0x00000000e1100000, 0x00000000e1100000|100%| O|  |TAMS 0x00000000e1000000, 0x00000000e1000000| Untracked 
|  17|0x00000000e1100000, 0x00000000e1200000, 0x00000000e1200000|100%| O|  |TAMS 0x00000000e1100000, 0x00000000e1100000| Untracked 
|  18|0x00000000e1200000, 0x00000000e1300000, 0x00000000e1300000|100%| O|  |TAMS 0x00000000e1200000, 0x00000000e1200000| Untracked 
|  19|0x00000000e1300000, 0x00000000e1400000, 0x00000000e1400000|100%| O|  |TAMS 0x00000000e1300000, 0x00000000e1300000| Untracked 
|  20|0x00000000e1400000, 0x00000000e1500000, 0x00000000e1500000|100%| O|  |TAMS 0x00000000e1400000, 0x00000000e1400000| Untracked 
|  21|0x00000000e1500000, 0x00000000e1600000, 0x00000000e1600000|100%| O|  |TAMS 0x00000000e1500000, 0x00000000e1500000| Untracked 
|  22|0x00000000e1600000, 0x00000000e1700000, 0x00000000e1700000|100%| O|  |TAMS 0x00000000e1600000, 0x00000000e1600000| Untracked 
|  23|0x00000000e1700000, 0x00000000e174a600, 0x00000000e1800000| 29%| O|  |TAMS 0x00000000e1700000, 0x00000000e1700000| Untracked 
|  24|0x00000000e1800000, 0x00000000e1800000, 0x00000000e1900000|  0%| F|  |TAMS 0x00000000e1800000, 0x00000000e1800000| Untracked 
|  25|0x00000000e1900000, 0x00000000e1900000, 0x00000000e1a00000|  0%| F|  |TAMS 0x00000000e1900000, 0x00000000e1900000| Untracked 
|  26|0x00000000e1a00000, 0x00000000e1a00000, 0x00000000e1b00000|  0%| F|  |TAMS 0x00000000e1a00000, 0x00000000e1a00000| Untracked 
|  27|0x00000000e1b00000, 0x00000000e1b00000, 0x00000000e1c00000|  0%| F|  |TAMS 0x00000000e1b00000, 0x00000000e1b00000| Untracked 
|  28|0x00000000e1c00000, 0x00000000e1c00000, 0x00000000e1d00000|  0%| F|  |TAMS 0x00000000e1c00000, 0x00000000e1c00000| Untracked 
|  29|0x00000000e1d00000, 0x00000000e1d00000, 0x00000000e1e00000|  0%| F|  |TAMS 0x00000000e1d00000, 0x00000000e1d00000| Untracked 
|  30|0x00000000e1e00000, 0x00000000e1e00000, 0x00000000e1f00000|  0%| F|  |TAMS 0x00000000e1e00000, 0x00000000e1e00000| Untracked 
|  31|0x00000000e1f00000, 0x00000000e1f00000, 0x00000000e2000000|  0%| F|  |TAMS 0x00000000e1f00000, 0x00000000e1f00000| Untracked 
|  32|0x00000000e2000000, 0x00000000e2000000, 0x00000000e2100000|  0%| F|  |TAMS 0x00000000e2000000, 0x00000000e2000000| Untracked 
|  33|0x00000000e2100000, 0x00000000e2100000, 0x00000000e2200000|  0%| F|  |TAMS 0x00000000e2100000, 0x00000000e2100000| Untracked 
|  34|0x00000000e2200000, 0x00000000e2200000, 0x00000000e2300000|  0%| F|  |TAMS 0x00000000e2200000, 0x00000000e2200000| Untracked 
|  35|0x00000000e2300000, 0x00000000e2300000, 0x00000000e2400000|  0%| F|  |TAMS 0x00000000e2300000, 0x00000000e2300000| Untracked 
|  36|0x00000000e2400000, 0x00000000e2400000, 0x00000000e2500000|  0%| F|  |TAMS 0x00000000e2400000, 0x00000000e2400000| Untracked 
|  37|0x00000000e2500000, 0x00000000e2500000, 0x00000000e2600000|  0%| F|  |TAMS 0x00000000e2500000, 0x00000000e2500000| Untracked 
|  38|0x00000000e2600000, 0x00000000e2600000, 0x00000000e2700000|  0%| F|  |TAMS 0x00000000e2600000, 0x00000000e2600000| Untracked 
|  39|0x00000000e2700000, 0x00000000e2700000, 0x00000000e2800000|  0%| F|  |TAMS 0x00000000e2700000, 0x00000000e2700000| Untracked 
|  40|0x00000000e2800000, 0x00000000e2800000, 0x00000000e2900000|  0%| F|  |TAMS 0x00000000e2800000, 0x00000000e2800000| Untracked 
|  41|0x00000000e2900000, 0x00000000e2900000, 0x00000000e2a00000|  0%| F|  |TAMS 0x00000000e2900000, 0x00000000e2900000| Untracked 
|  42|0x00000000e2a00000, 0x00000000e2a00000, 0x00000000e2b00000|  0%| F|  |TAMS 0x00000000e2a00000, 0x00000000e2a00000| Untracked 
|  43|0x00000000e2b00000, 0x00000000e2b00000, 0x00000000e2c00000|  0%| F|  |TAMS 0x00000000e2b00000, 0x00000000e2b00000| Untracked 
|  44|0x00000000e2c00000, 0x00000000e2c00000, 0x00000000e2d00000|  0%| F|  |TAMS 0x00000000e2c00000, 0x00000000e2c00000| Untracked 
|  45|0x00000000e2d00000, 0x00000000e2d00000, 0x00000000e2e00000|  0%| F|  |TAMS 0x00000000e2d00000, 0x00000000e2d00000| Untracked 
|  46|0x00000000e2e00000, 0x00000000e2e00000, 0x00000000e2f00000|  0%| F|  |TAMS 0x00000000e2e00000, 0x00000000e2e00000| Untracked 
|  47|0x00000000e2f00000, 0x00000000e2f00000, 0x00000000e3000000|  0%| F|  |TAMS 0x00000000e2f00000, 0x00000000e2f00000| Untracked 
|  48|0x00000000e3000000, 0x00000000e3000000, 0x00000000e3100000|  0%| F|  |TAMS 0x00000000e3000000, 0x00000000e3000000| Untracked 
|  49|0x00000000e3100000, 0x00000000e3100000, 0x00000000e3200000|  0%| F|  |TAMS 0x00000000e3100000, 0x00000000e3100000| Untracked 
|  50|0x00000000e3200000, 0x00000000e3200000, 0x00000000e3300000|  0%| F|  |TAMS 0x00000000e3200000, 0x00000000e3200000| Untracked 
|  51|0x00000000e3300000, 0x00000000e3300000, 0x00000000e3400000|  0%| F|  |TAMS 0x00000000e3300000, 0x00000000e3300000| Untracked 
|  52|0x00000000e3400000, 0x00000000e3400000, 0x00000000e3500000|  0%| F|  |TAMS 0x00000000e3400000, 0x00000000e3400000| Untracked 
|  53|0x00000000e3500000, 0x00000000e3500000, 0x00000000e3600000|  0%| F|  |TAMS 0x00000000e3500000, 0x00000000e3500000| Untracked 
|  54|0x00000000e3600000, 0x00000000e3600000, 0x00000000e3700000|  0%| F|  |TAMS 0x00000000e3600000, 0x00000000e3600000| Untracked 
|  55|0x00000000e3700000, 0x00000000e3700000, 0x00000000e3800000|  0%| F|  |TAMS 0x00000000e3700000, 0x00000000e3700000| Untracked 
|  56|0x00000000e3800000, 0x00000000e3800000, 0x00000000e3900000|  0%| F|  |TAMS 0x00000000e3800000, 0x00000000e3800000| Untracked 
|  57|0x00000000e3900000, 0x00000000e3900000, 0x00000000e3a00000|  0%| F|  |TAMS 0x00000000e3900000, 0x00000000e3900000| Untracked 
|  58|0x00000000e3a00000, 0x00000000e3a00000, 0x00000000e3b00000|  0%| F|  |TAMS 0x00000000e3a00000, 0x00000000e3a00000| Untracked 
|  59|0x00000000e3b00000, 0x00000000e3b00000, 0x00000000e3c00000|  0%| F|  |TAMS 0x00000000e3b00000, 0x00000000e3b00000| Untracked 
|  60|0x00000000e3c00000, 0x00000000e3c00000, 0x00000000e3d00000|  0%| F|  |TAMS 0x00000000e3c00000, 0x00000000e3c00000| Untracked 
|  61|0x00000000e3d00000, 0x00000000e3d00000, 0x00000000e3e00000|  0%| F|  |TAMS 0x00000000e3d00000, 0x00000000e3d00000| Untracked 
|  62|0x00000000e3e00000, 0x00000000e3e00000, 0x00000000e3f00000|  0%| F|  |TAMS 0x00000000e3e00000, 0x00000000e3e00000| Untracked 
|  63|0x00000000e3f00000, 0x00000000e3f00000, 0x00000000e4000000|  0%| F|  |TAMS 0x00000000e3f00000, 0x00000000e3f00000| Untracked 
|  64|0x00000000e4000000, 0x00000000e4000000, 0x00000000e4100000|  0%| F|  |TAMS 0x00000000e4000000, 0x00000000e4000000| Untracked 
|  65|0x00000000e4100000, 0x00000000e4100000, 0x00000000e4200000|  0%| F|  |TAMS 0x00000000e4100000, 0x00000000e4100000| Untracked 
|  66|0x00000000e4200000, 0x00000000e4200000, 0x00000000e4300000|  0%| F|  |TAMS 0x00000000e4200000, 0x00000000e4200000| Untracked 
|  67|0x00000000e4300000, 0x00000000e4300000, 0x00000000e4400000|  0%| F|  |TAMS 0x00000000e4300000, 0x00000000e4300000| Untracked 
|  68|0x00000000e4400000, 0x00000000e4400000, 0x00000000e4500000|  0%| F|  |TAMS 0x00000000e4400000, 0x00000000e4400000| Untracked 
|  69|0x00000000e4500000, 0x00000000e4500000, 0x00000000e4600000|  0%| F|  |TAMS 0x00000000e4500000, 0x00000000e4500000| Untracked 
|  70|0x00000000e4600000, 0x00000000e4600000, 0x00000000e4700000|  0%| F|  |TAMS 0x00000000e4600000, 0x00000000e4600000| Untracked 
|  71|0x00000000e4700000, 0x00000000e4700000, 0x00000000e4800000|  0%| F|  |TAMS 0x00000000e4700000, 0x00000000e4700000| Untracked 
|  72|0x00000000e4800000, 0x00000000e4800000, 0x00000000e4900000|  0%| F|  |TAMS 0x00000000e4800000, 0x00000000e4800000| Untracked 
|  73|0x00000000e4900000, 0x00000000e4900000, 0x00000000e4a00000|  0%| F|  |TAMS 0x00000000e4900000, 0x00000000e4900000| Untracked 
|  74|0x00000000e4a00000, 0x00000000e4a00000, 0x00000000e4b00000|  0%| F|  |TAMS 0x00000000e4a00000, 0x00000000e4a00000| Untracked 
|  75|0x00000000e4b00000, 0x00000000e4b00000, 0x00000000e4c00000|  0%| F|  |TAMS 0x00000000e4b00000, 0x00000000e4b00000| Untracked 
|  76|0x00000000e4c00000, 0x00000000e4c00000, 0x00000000e4d00000|  0%| F|  |TAMS 0x00000000e4c00000, 0x00000000e4c00000| Untracked 
|  77|0x00000000e4d00000, 0x00000000e4d00000, 0x00000000e4e00000|  0%| F|  |TAMS 0x00000000e4d00000, 0x00000000e4d00000| Untracked 
|  78|0x00000000e4e00000, 0x00000000e4e00000, 0x00000000e4f00000|  0%| F|  |TAMS 0x00000000e4e00000, 0x00000000e4e00000| Untracked 
|  79|0x00000000e4f00000, 0x00000000e4f00000, 0x00000000e5000000|  0%| F|  |TAMS 0x00000000e4f00000, 0x00000000e4f00000| Untracked 
|  80|0x00000000e5000000, 0x00000000e5000000, 0x00000000e5100000|  0%| F|  |TAMS 0x00000000e5000000, 0x00000000e5000000| Untracked 
|  81|0x00000000e5100000, 0x00000000e5100000, 0x00000000e5200000|  0%| F|  |TAMS 0x00000000e5100000, 0x00000000e5100000| Untracked 
|  82|0x00000000e5200000, 0x00000000e5200000, 0x00000000e5300000|  0%| F|  |TAMS 0x00000000e5200000, 0x00000000e5200000| Untracked 
|  83|0x00000000e5300000, 0x00000000e5300000, 0x00000000e5400000|  0%| F|  |TAMS 0x00000000e5300000, 0x00000000e5300000| Untracked 
|  84|0x00000000e5400000, 0x00000000e5400000, 0x00000000e5500000|  0%| F|  |TAMS 0x00000000e5400000, 0x00000000e5400000| Untracked 
|  85|0x00000000e5500000, 0x00000000e5500000, 0x00000000e5600000|  0%| F|  |TAMS 0x00000000e5500000, 0x00000000e5500000| Untracked 
|  86|0x00000000e5600000, 0x00000000e5600000, 0x00000000e5700000|  0%| F|  |TAMS 0x00000000e5600000, 0x00000000e5600000| Untracked 
|  87|0x00000000e5700000, 0x00000000e5700000, 0x00000000e5800000|  0%| F|  |TAMS 0x00000000e5700000, 0x00000000e5700000| Untracked 
|  88|0x00000000e5800000, 0x00000000e5800000, 0x00000000e5900000|  0%| F|  |TAMS 0x00000000e5800000, 0x00000000e5800000| Untracked 
|  89|0x00000000e5900000, 0x00000000e5900000, 0x00000000e5a00000|  0%| F|  |TAMS 0x00000000e5900000, 0x00000000e5900000| Untracked 
|  90|0x00000000e5a00000, 0x00000000e5a00000, 0x00000000e5b00000|  0%| F|  |TAMS 0x00000000e5a00000, 0x00000000e5a00000| Untracked 
|  91|0x00000000e5b00000, 0x00000000e5b00000, 0x00000000e5c00000|  0%| F|  |TAMS 0x00000000e5b00000, 0x00000000e5b00000| Untracked 
|  92|0x00000000e5c00000, 0x00000000e5c00000, 0x00000000e5d00000|  0%| F|  |TAMS 0x00000000e5c00000, 0x00000000e5c00000| Untracked 
|  93|0x00000000e5d00000, 0x00000000e5d00000, 0x00000000e5e00000|  0%| F|  |TAMS 0x00000000e5d00000, 0x00000000e5d00000| Untracked 
|  94|0x00000000e5e00000, 0x00000000e5e00000, 0x00000000e5f00000|  0%| F|  |TAMS 0x00000000e5e00000, 0x00000000e5e00000| Untracked 
|  95|0x00000000e5f00000, 0x00000000e5f00000, 0x00000000e6000000|  0%| F|  |TAMS 0x00000000e5f00000, 0x00000000e5f00000| Untracked 
|  96|0x00000000e6000000, 0x00000000e6000000, 0x00000000e6100000|  0%| F|  |TAMS 0x00000000e6000000, 0x00000000e6000000| Untracked 
|  97|0x00000000e6100000, 0x00000000e6100000, 0x00000000e6200000|  0%| F|  |TAMS 0x00000000e6100000, 0x00000000e6100000| Untracked 
|  98|0x00000000e6200000, 0x00000000e6200000, 0x00000000e6300000|  0%| F|  |TAMS 0x00000000e6200000, 0x00000000e6200000| Untracked 
|  99|0x00000000e6300000, 0x00000000e6300000, 0x00000000e6400000|  0%| F|  |TAMS 0x00000000e6300000, 0x00000000e6300000| Untracked 
| 100|0x00000000e6400000, 0x00000000e6400000, 0x00000000e6500000|  0%| F|  |TAMS 0x00000000e6400000, 0x00000000e6400000| Untracked 
| 101|0x00000000e6500000, 0x00000000e6500000, 0x00000000e6600000|  0%| F|  |TAMS 0x00000000e6500000, 0x00000000e6500000| Untracked 
| 102|0x00000000e6600000, 0x00000000e6600000, 0x00000000e6700000|  0%| F|  |TAMS 0x00000000e6600000, 0x00000000e6600000| Untracked 
| 103|0x00000000e6700000, 0x00000000e6700000, 0x00000000e6800000|  0%| F|  |TAMS 0x00000000e6700000, 0x00000000e6700000| Untracked 
| 104|0x00000000e6800000, 0x00000000e6800000, 0x00000000e6900000|  0%| F|  |TAMS 0x00000000e6800000, 0x00000000e6800000| Untracked 
| 105|0x00000000e6900000, 0x00000000e6900000, 0x00000000e6a00000|  0%| F|  |TAMS 0x00000000e6900000, 0x00000000e6900000| Untracked 
| 106|0x00000000e6a00000, 0x00000000e6a00000, 0x00000000e6b00000|  0%| F|  |TAMS 0x00000000e6a00000, 0x00000000e6a00000| Untracked 
| 107|0x00000000e6b00000, 0x00000000e6b00000, 0x00000000e6c00000|  0%| F|  |TAMS 0x00000000e6b00000, 0x00000000e6b00000| Untracked 
| 108|0x00000000e6c00000, 0x00000000e6c00000, 0x00000000e6d00000|  0%| F|  |TAMS 0x00000000e6c00000, 0x00000000e6c00000| Untracked 
| 109|0x00000000e6d00000, 0x00000000e6d00000, 0x00000000e6e00000|  0%| F|  |TAMS 0x00000000e6d00000, 0x00000000e6d00000| Untracked 
| 110|0x00000000e6e00000, 0x00000000e6e00000, 0x00000000e6f00000|  0%| F|  |TAMS 0x00000000e6e00000, 0x00000000e6e00000| Untracked 
| 111|0x00000000e6f00000, 0x00000000e6f00000, 0x00000000e7000000|  0%| F|  |TAMS 0x00000000e6f00000, 0x00000000e6f00000| Untracked 
| 112|0x00000000e7000000, 0x00000000e7000000, 0x00000000e7100000|  0%| F|  |TAMS 0x00000000e7000000, 0x00000000e7000000| Untracked 
| 113|0x00000000e7100000, 0x00000000e7100000, 0x00000000e7200000|  0%| F|  |TAMS 0x00000000e7100000, 0x00000000e7100000| Untracked 
| 114|0x00000000e7200000, 0x00000000e7200000, 0x00000000e7300000|  0%| F|  |TAMS 0x00000000e7200000, 0x00000000e7200000| Untracked 
| 115|0x00000000e7300000, 0x00000000e7300000, 0x00000000e7400000|  0%| F|  |TAMS 0x00000000e7300000, 0x00000000e7300000| Untracked 
| 116|0x00000000e7400000, 0x00000000e7400000, 0x00000000e7500000|  0%| F|  |TAMS 0x00000000e7400000, 0x00000000e7400000| Untracked 
| 117|0x00000000e7500000, 0x00000000e7500000, 0x00000000e7600000|  0%| F|  |TAMS 0x00000000e7500000, 0x00000000e7500000| Untracked 
| 118|0x00000000e7600000, 0x00000000e7600000, 0x00000000e7700000|  0%| F|  |TAMS 0x00000000e7600000, 0x00000000e7600000| Untracked 
| 119|0x00000000e7700000, 0x00000000e7700000, 0x00000000e7800000|  0%| F|  |TAMS 0x00000000e7700000, 0x00000000e7700000| Untracked 
| 120|0x00000000e7800000, 0x00000000e7800000, 0x00000000e7900000|  0%| F|  |TAMS 0x00000000e7800000, 0x00000000e7800000| Untracked 
| 121|0x00000000e7900000, 0x00000000e7900000, 0x00000000e7a00000|  0%| F|  |TAMS 0x00000000e7900000, 0x00000000e7900000| Untracked 
| 122|0x00000000e7a00000, 0x00000000e7a00000, 0x00000000e7b00000|  0%| F|  |TAMS 0x00000000e7a00000, 0x00000000e7a00000| Untracked 
| 123|0x00000000e7b00000, 0x00000000e7b00000, 0x00000000e7c00000|  0%| F|  |TAMS 0x00000000e7b00000, 0x00000000e7b00000| Untracked 
| 124|0x00000000e7c00000, 0x00000000e7c00000, 0x00000000e7d00000|  0%| F|  |TAMS 0x00000000e7c00000, 0x00000000e7c00000| Untracked 
| 125|0x00000000e7d00000, 0x00000000e7d00000, 0x00000000e7e00000|  0%| F|  |TAMS 0x00000000e7d00000, 0x00000000e7d00000| Untracked 
| 126|0x00000000e7e00000, 0x00000000e7e00000, 0x00000000e7f00000|  0%| F|  |TAMS 0x00000000e7e00000, 0x00000000e7e00000| Untracked 
| 127|0x00000000e7f00000, 0x00000000e7f00000, 0x00000000e8000000|  0%| F|  |TAMS 0x00000000e7f00000, 0x00000000e7f00000| Untracked 
| 128|0x00000000e8000000, 0x00000000e8000000, 0x00000000e8100000|  0%| F|  |TAMS 0x00000000e8000000, 0x00000000e8000000| Untracked 
| 129|0x00000000e8100000, 0x00000000e8100000, 0x00000000e8200000|  0%| F|  |TAMS 0x00000000e8100000, 0x00000000e8100000| Untracked 
| 130|0x00000000e8200000, 0x00000000e8200000, 0x00000000e8300000|  0%| F|  |TAMS 0x00000000e8200000, 0x00000000e8200000| Untracked 
| 131|0x00000000e8300000, 0x00000000e8300000, 0x00000000e8400000|  0%| F|  |TAMS 0x00000000e8300000, 0x00000000e8300000| Untracked 
| 132|0x00000000e8400000, 0x00000000e8400000, 0x00000000e8500000|  0%| F|  |TAMS 0x00000000e8400000, 0x00000000e8400000| Untracked 
| 133|0x00000000e8500000, 0x00000000e8500000, 0x00000000e8600000|  0%| F|  |TAMS 0x00000000e8500000, 0x00000000e8500000| Untracked 
| 134|0x00000000e8600000, 0x00000000e8600000, 0x00000000e8700000|  0%| F|  |TAMS 0x00000000e8600000, 0x00000000e8600000| Untracked 
| 135|0x00000000e8700000, 0x00000000e8700000, 0x00000000e8800000|  0%| F|  |TAMS 0x00000000e8700000, 0x00000000e8700000| Untracked 
| 136|0x00000000e8800000, 0x00000000e8800000, 0x00000000e8900000|  0%| F|  |TAMS 0x00000000e8800000, 0x00000000e8800000| Untracked 
| 137|0x00000000e8900000, 0x00000000e8900000, 0x00000000e8a00000|  0%| F|  |TAMS 0x00000000e8900000, 0x00000000e8900000| Untracked 
| 138|0x00000000e8a00000, 0x00000000e8a00000, 0x00000000e8b00000|  0%| F|  |TAMS 0x00000000e8a00000, 0x00000000e8a00000| Untracked 
| 139|0x00000000e8b00000, 0x00000000e8b00000, 0x00000000e8c00000|  0%| F|  |TAMS 0x00000000e8b00000, 0x00000000e8b00000| Untracked 
| 140|0x00000000e8c00000, 0x00000000e8c00000, 0x00000000e8d00000|  0%| F|  |TAMS 0x00000000e8c00000, 0x00000000e8c00000| Untracked 
| 141|0x00000000e8d00000, 0x00000000e8d00000, 0x00000000e8e00000|  0%| F|  |TAMS 0x00000000e8d00000, 0x00000000e8d00000| Untracked 
| 142|0x00000000e8e00000, 0x00000000e8e00000, 0x00000000e8f00000|  0%| F|  |TAMS 0x00000000e8e00000, 0x00000000e8e00000| Untracked 
| 143|0x00000000e8f00000, 0x00000000e8f00000, 0x00000000e9000000|  0%| F|  |TAMS 0x00000000e8f00000, 0x00000000e8f00000| Untracked 
| 144|0x00000000e9000000, 0x00000000e9000000, 0x00000000e9100000|  0%| F|  |TAMS 0x00000000e9000000, 0x00000000e9000000| Untracked 
| 145|0x00000000e9100000, 0x00000000e9100000, 0x00000000e9200000|  0%| F|  |TAMS 0x00000000e9100000, 0x00000000e9100000| Untracked 
| 146|0x00000000e9200000, 0x00000000e9200000, 0x00000000e9300000|  0%| F|  |TAMS 0x00000000e9200000, 0x00000000e9200000| Untracked 
| 147|0x00000000e9300000, 0x00000000e9300000, 0x00000000e9400000|  0%| F|  |TAMS 0x00000000e9300000, 0x00000000e9300000| Untracked 
| 148|0x00000000e9400000, 0x00000000e9400000, 0x00000000e9500000|  0%| F|  |TAMS 0x00000000e9400000, 0x00000000e9400000| Untracked 
| 149|0x00000000e9500000, 0x00000000e9500000, 0x00000000e9600000|  0%| F|  |TAMS 0x00000000e9500000, 0x00000000e9500000| Untracked 
| 150|0x00000000e9600000, 0x00000000e9600000, 0x00000000e9700000|  0%| F|  |TAMS 0x00000000e9600000, 0x00000000e9600000| Untracked 
| 151|0x00000000e9700000, 0x00000000e9700000, 0x00000000e9800000|  0%| F|  |TAMS 0x00000000e9700000, 0x00000000e9700000| Untracked 
| 152|0x00000000e9800000, 0x00000000e9800000, 0x00000000e9900000|  0%| F|  |TAMS 0x00000000e9800000, 0x00000000e9800000| Untracked 
| 153|0x00000000e9900000, 0x00000000e9900000, 0x00000000e9a00000|  0%| F|  |TAMS 0x00000000e9900000, 0x00000000e9900000| Untracked 
| 154|0x00000000e9a00000, 0x00000000e9b00000, 0x00000000e9b00000|100%| E|  |TAMS 0x00000000e9a00000, 0x00000000e9a00000| Complete 
| 155|0x00000000e9b00000, 0x00000000e9c00000, 0x00000000e9c00000|100%| E|CS|TAMS 0x00000000e9b00000, 0x00000000e9b00000| Complete 
| 156|0x00000000e9c00000, 0x00000000e9d00000, 0x00000000e9d00000|100%| E|CS|TAMS 0x00000000e9c00000, 0x00000000e9c00000| Complete 
| 157|0x00000000e9d00000, 0x00000000e9e00000, 0x00000000e9e00000|100%| E|CS|TAMS 0x00000000e9d00000, 0x00000000e9d00000| Complete 
| 158|0x00000000e9e00000, 0x00000000e9f00000, 0x00000000e9f00000|100%| E|CS|TAMS 0x00000000e9e00000, 0x00000000e9e00000| Complete 
| 159|0x00000000e9f00000, 0x00000000ea000000, 0x00000000ea000000|100%| E|CS|TAMS 0x00000000e9f00000, 0x00000000e9f00000| Complete 
| 160|0x00000000ea000000, 0x00000000ea100000, 0x00000000ea100000|100%| E|CS|TAMS 0x00000000ea000000, 0x00000000ea000000| Complete 
| 161|0x00000000ea100000, 0x00000000ea200000, 0x00000000ea200000|100%| E|CS|TAMS 0x00000000ea100000, 0x00000000ea100000| Complete 
| 162|0x00000000ea200000, 0x00000000ea300000, 0x00000000ea300000|100%| E|CS|TAMS 0x00000000ea200000, 0x00000000ea200000| Complete 
| 163|0x00000000ea300000, 0x00000000ea400000, 0x00000000ea400000|100%| E|CS|TAMS 0x00000000ea300000, 0x00000000ea300000| Complete 
| 164|0x00000000ea400000, 0x00000000ea500000, 0x00000000ea500000|100%| E|CS|TAMS 0x00000000ea400000, 0x00000000ea400000| Complete 
| 165|0x00000000ea500000, 0x00000000ea600000, 0x00000000ea600000|100%| E|CS|TAMS 0x00000000ea500000, 0x00000000ea500000| Complete 
| 166|0x00000000ea600000, 0x00000000ea700000, 0x00000000ea700000|100%| E|CS|TAMS 0x00000000ea600000, 0x00000000ea600000| Complete 
| 167|0x00000000ea700000, 0x00000000ea800000, 0x00000000ea800000|100%| E|CS|TAMS 0x00000000ea700000, 0x00000000ea700000| Complete 
| 168|0x00000000ea800000, 0x00000000ea900000, 0x00000000ea900000|100%| E|CS|TAMS 0x00000000ea800000, 0x00000000ea800000| Complete 
| 169|0x00000000ea900000, 0x00000000eaa00000, 0x00000000eaa00000|100%| E|CS|TAMS 0x00000000ea900000, 0x00000000ea900000| Complete 
| 170|0x00000000eaa00000, 0x00000000eab00000, 0x00000000eab00000|100%| E|CS|TAMS 0x00000000eaa00000, 0x00000000eaa00000| Complete 
| 171|0x00000000eab00000, 0x00000000eac00000, 0x00000000eac00000|100%| E|CS|TAMS 0x00000000eab00000, 0x00000000eab00000| Complete 
| 172|0x00000000eac00000, 0x00000000ead00000, 0x00000000ead00000|100%| E|CS|TAMS 0x00000000eac00000, 0x00000000eac00000| Complete 
| 173|0x00000000ead00000, 0x00000000eae00000, 0x00000000eae00000|100%| E|CS|TAMS 0x00000000ead00000, 0x00000000ead00000| Complete 
| 174|0x00000000eae00000, 0x00000000eaf00000, 0x00000000eaf00000|100%| E|CS|TAMS 0x00000000eae00000, 0x00000000eae00000| Complete 
| 175|0x00000000eaf00000, 0x00000000eb000000, 0x00000000eb000000|100%| E|CS|TAMS 0x00000000eaf00000, 0x00000000eaf00000| Complete 
| 176|0x00000000eb000000, 0x00000000eb100000, 0x00000000eb100000|100%| E|CS|TAMS 0x00000000eb000000, 0x00000000eb000000| Complete 
| 177|0x00000000eb100000, 0x00000000eb200000, 0x00000000eb200000|100%| E|CS|TAMS 0x00000000eb100000, 0x00000000eb100000| Complete 
| 178|0x00000000eb200000, 0x00000000eb300000, 0x00000000eb300000|100%| E|CS|TAMS 0x00000000eb200000, 0x00000000eb200000| Complete 
| 179|0x00000000eb300000, 0x00000000eb400000, 0x00000000eb400000|100%| E|  |TAMS 0x00000000eb300000, 0x00000000eb300000| Complete 
| 180|0x00000000eb400000, 0x00000000eb500000, 0x00000000eb500000|100%| E|CS|TAMS 0x00000000eb400000, 0x00000000eb400000| Complete 
| 181|0x00000000eb500000, 0x00000000eb600000, 0x00000000eb600000|100%| E|CS|TAMS 0x00000000eb500000, 0x00000000eb500000| Complete 
| 182|0x00000000eb600000, 0x00000000eb700000, 0x00000000eb700000|100%| E|CS|TAMS 0x00000000eb600000, 0x00000000eb600000| Complete 
| 183|0x00000000eb700000, 0x00000000eb800000, 0x00000000eb800000|100%| E|CS|TAMS 0x00000000eb700000, 0x00000000eb700000| Complete 
| 184|0x00000000eb800000, 0x00000000eb900000, 0x00000000eb900000|100%| E|CS|TAMS 0x00000000eb800000, 0x00000000eb800000| Complete 
| 185|0x00000000eb900000, 0x00000000eba00000, 0x00000000eba00000|100%| E|CS|TAMS 0x00000000eb900000, 0x00000000eb900000| Complete 
| 186|0x00000000eba00000, 0x00000000ebb00000, 0x00000000ebb00000|100%| E|CS|TAMS 0x00000000eba00000, 0x00000000eba00000| Complete 
| 187|0x00000000ebb00000, 0x00000000ebc00000, 0x00000000ebc00000|100%| E|CS|TAMS 0x00000000ebb00000, 0x00000000ebb00000| Complete 
| 188|0x00000000ebc00000, 0x00000000ebd00000, 0x00000000ebd00000|100%| E|CS|TAMS 0x00000000ebc00000, 0x00000000ebc00000| Complete 
| 189|0x00000000ebd00000, 0x00000000ebe00000, 0x00000000ebe00000|100%| E|CS|TAMS 0x00000000ebd00000, 0x00000000ebd00000| Complete 
| 190|0x00000000ebe00000, 0x00000000ebf00000, 0x00000000ebf00000|100%| E|CS|TAMS 0x00000000ebe00000, 0x00000000ebe00000| Complete 
| 191|0x00000000ebf00000, 0x00000000ec000000, 0x00000000ec000000|100%| E|CS|TAMS 0x00000000ebf00000, 0x00000000ebf00000| Complete 
| 192|0x00000000ec000000, 0x00000000ec100000, 0x00000000ec100000|100%| E|CS|TAMS 0x00000000ec000000, 0x00000000ec000000| Complete 
| 193|0x00000000ec100000, 0x00000000ec200000, 0x00000000ec200000|100%| E|CS|TAMS 0x00000000ec100000, 0x00000000ec100000| Complete 
| 194|0x00000000ec200000, 0x00000000ec300000, 0x00000000ec300000|100%| E|CS|TAMS 0x00000000ec200000, 0x00000000ec200000| Complete 
| 195|0x00000000ec300000, 0x00000000ec400000, 0x00000000ec400000|100%| E|CS|TAMS 0x00000000ec300000, 0x00000000ec300000| Complete 
| 196|0x00000000ec400000, 0x00000000ec500000, 0x00000000ec500000|100%| E|CS|TAMS 0x00000000ec400000, 0x00000000ec400000| Complete 
| 197|0x00000000ec500000, 0x00000000ec600000, 0x00000000ec600000|100%| E|CS|TAMS 0x00000000ec500000, 0x00000000ec500000| Complete 
| 198|0x00000000ec600000, 0x00000000ec700000, 0x00000000ec700000|100%| E|CS|TAMS 0x00000000ec600000, 0x00000000ec600000| Complete 
| 199|0x00000000ec700000, 0x00000000ec800000, 0x00000000ec800000|100%| E|CS|TAMS 0x00000000ec700000, 0x00000000ec700000| Complete 
| 200|0x00000000ec800000, 0x00000000ec900000, 0x00000000ec900000|100%| E|CS|TAMS 0x00000000ec800000, 0x00000000ec800000| Complete 
| 201|0x00000000ec900000, 0x00000000eca00000, 0x00000000eca00000|100%| E|CS|TAMS 0x00000000ec900000, 0x00000000ec900000| Complete 
| 202|0x00000000eca00000, 0x00000000ecb00000, 0x00000000ecb00000|100%| E|CS|TAMS 0x00000000eca00000, 0x00000000eca00000| Complete 
| 203|0x00000000ecb00000, 0x00000000ecc00000, 0x00000000ecc00000|100%| E|CS|TAMS 0x00000000ecb00000, 0x00000000ecb00000| Complete 
| 204|0x00000000ecc00000, 0x00000000ecd00000, 0x00000000ecd00000|100%| E|CS|TAMS 0x00000000ecc00000, 0x00000000ecc00000| Complete 
| 205|0x00000000ecd00000, 0x00000000ece00000, 0x00000000ece00000|100%| E|CS|TAMS 0x00000000ecd00000, 0x00000000ecd00000| Complete 
| 206|0x00000000ece00000, 0x00000000ecf00000, 0x00000000ecf00000|100%| E|CS|TAMS 0x00000000ece00000, 0x00000000ece00000| Complete 
| 207|0x00000000ecf00000, 0x00000000ed000000, 0x00000000ed000000|100%| E|CS|TAMS 0x00000000ecf00000, 0x00000000ecf00000| Complete 
| 208|0x00000000ed000000, 0x00000000ed100000, 0x00000000ed100000|100%| E|CS|TAMS 0x00000000ed000000, 0x00000000ed000000| Complete 
| 209|0x00000000ed100000, 0x00000000ed200000, 0x00000000ed200000|100%| E|CS|TAMS 0x00000000ed100000, 0x00000000ed100000| Complete 
| 210|0x00000000ed200000, 0x00000000ed300000, 0x00000000ed300000|100%| E|CS|TAMS 0x00000000ed200000, 0x00000000ed200000| Complete 
| 211|0x00000000ed300000, 0x00000000ed400000, 0x00000000ed400000|100%| E|CS|TAMS 0x00000000ed300000, 0x00000000ed300000| Complete 
| 212|0x00000000ed400000, 0x00000000ed500000, 0x00000000ed500000|100%| E|CS|TAMS 0x00000000ed400000, 0x00000000ed400000| Complete 
| 213|0x00000000ed500000, 0x00000000ed600000, 0x00000000ed600000|100%| E|CS|TAMS 0x00000000ed500000, 0x00000000ed500000| Complete 
| 214|0x00000000ed600000, 0x00000000ed700000, 0x00000000ed700000|100%| E|CS|TAMS 0x00000000ed600000, 0x00000000ed600000| Complete 
| 215|0x00000000ed700000, 0x00000000ed800000, 0x00000000ed800000|100%| E|CS|TAMS 0x00000000ed700000, 0x00000000ed700000| Complete 
| 216|0x00000000ed800000, 0x00000000ed900000, 0x00000000ed900000|100%| E|CS|TAMS 0x00000000ed800000, 0x00000000ed800000| Complete 
| 217|0x00000000ed900000, 0x00000000eda00000, 0x00000000eda00000|100%| E|CS|TAMS 0x00000000ed900000, 0x00000000ed900000| Complete 
| 218|0x00000000eda00000, 0x00000000edb00000, 0x00000000edb00000|100%| E|CS|TAMS 0x00000000eda00000, 0x00000000eda00000| Complete 
| 219|0x00000000edb00000, 0x00000000edc00000, 0x00000000edc00000|100%| E|CS|TAMS 0x00000000edb00000, 0x00000000edb00000| Complete 
| 220|0x00000000edc00000, 0x00000000edd00000, 0x00000000edd00000|100%| E|CS|TAMS 0x00000000edc00000, 0x00000000edc00000| Complete 
| 221|0x00000000edd00000, 0x00000000ede00000, 0x00000000ede00000|100%| E|CS|TAMS 0x00000000edd00000, 0x00000000edd00000| Complete 
| 222|0x00000000ede00000, 0x00000000edf00000, 0x00000000edf00000|100%| E|CS|TAMS 0x00000000ede00000, 0x00000000ede00000| Complete 
| 223|0x00000000edf00000, 0x00000000ee000000, 0x00000000ee000000|100%| E|CS|TAMS 0x00000000edf00000, 0x00000000edf00000| Complete 
| 224|0x00000000ee000000, 0x00000000ee100000, 0x00000000ee100000|100%| E|CS|TAMS 0x00000000ee000000, 0x00000000ee000000| Complete 
| 225|0x00000000ee100000, 0x00000000ee200000, 0x00000000ee200000|100%| E|CS|TAMS 0x00000000ee100000, 0x00000000ee100000| Complete 
| 226|0x00000000ee200000, 0x00000000ee300000, 0x00000000ee300000|100%| E|CS|TAMS 0x00000000ee200000, 0x00000000ee200000| Complete 
| 227|0x00000000ee300000, 0x00000000ee400000, 0x00000000ee400000|100%| E|CS|TAMS 0x00000000ee300000, 0x00000000ee300000| Complete 
| 228|0x00000000ee400000, 0x00000000ee500000, 0x00000000ee500000|100%| E|CS|TAMS 0x00000000ee400000, 0x00000000ee400000| Complete 
| 229|0x00000000ee500000, 0x00000000ee600000, 0x00000000ee600000|100%| E|CS|TAMS 0x00000000ee500000, 0x00000000ee500000| Complete 
| 230|0x00000000ee600000, 0x00000000ee700000, 0x00000000ee700000|100%| E|CS|TAMS 0x00000000ee600000, 0x00000000ee600000| Complete 
| 231|0x00000000ee700000, 0x00000000ee800000, 0x00000000ee800000|100%| E|CS|TAMS 0x00000000ee700000, 0x00000000ee700000| Complete 
| 232|0x00000000ee800000, 0x00000000ee900000, 0x00000000ee900000|100%| E|CS|TAMS 0x00000000ee800000, 0x00000000ee800000| Complete 
| 233|0x00000000ee900000, 0x00000000eea00000, 0x00000000eea00000|100%| E|CS|TAMS 0x00000000ee900000, 0x00000000ee900000| Complete 
| 234|0x00000000eea00000, 0x00000000eeb00000, 0x00000000eeb00000|100%| E|CS|TAMS 0x00000000eea00000, 0x00000000eea00000| Complete 
| 235|0x00000000eeb00000, 0x00000000eec00000, 0x00000000eec00000|100%| E|CS|TAMS 0x00000000eeb00000, 0x00000000eeb00000| Complete 
| 236|0x00000000eec00000, 0x00000000eed00000, 0x00000000eed00000|100%| E|CS|TAMS 0x00000000eec00000, 0x00000000eec00000| Complete 
| 237|0x00000000eed00000, 0x00000000eee00000, 0x00000000eee00000|100%| E|CS|TAMS 0x00000000eed00000, 0x00000000eed00000| Complete 
| 238|0x00000000eee00000, 0x00000000eef00000, 0x00000000eef00000|100%| E|CS|TAMS 0x00000000eee00000, 0x00000000eee00000| Complete 
| 239|0x00000000eef00000, 0x00000000ef000000, 0x00000000ef000000|100%| E|CS|TAMS 0x00000000eef00000, 0x00000000eef00000| Complete 
| 240|0x00000000ef000000, 0x00000000ef100000, 0x00000000ef100000|100%| E|CS|TAMS 0x00000000ef000000, 0x00000000ef000000| Complete 
| 241|0x00000000ef100000, 0x00000000ef200000, 0x00000000ef200000|100%| E|CS|TAMS 0x00000000ef100000, 0x00000000ef100000| Complete 
| 242|0x00000000ef200000, 0x00000000ef300000, 0x00000000ef300000|100%| E|CS|TAMS 0x00000000ef200000, 0x00000000ef200000| Complete 
| 243|0x00000000ef300000, 0x00000000ef400000, 0x00000000ef400000|100%| E|CS|TAMS 0x00000000ef300000, 0x00000000ef300000| Complete 
| 244|0x00000000ef400000, 0x00000000ef500000, 0x00000000ef500000|100%| E|CS|TAMS 0x00000000ef400000, 0x00000000ef400000| Complete 
| 245|0x00000000ef500000, 0x00000000ef600000, 0x00000000ef600000|100%| E|CS|TAMS 0x00000000ef500000, 0x00000000ef500000| Complete 
| 246|0x00000000ef600000, 0x00000000ef700000, 0x00000000ef700000|100%| E|CS|TAMS 0x00000000ef600000, 0x00000000ef600000| Complete 
| 247|0x00000000ef700000, 0x00000000ef800000, 0x00000000ef800000|100%| E|CS|TAMS 0x00000000ef700000, 0x00000000ef700000| Complete 
| 248|0x00000000ef800000, 0x00000000ef900000, 0x00000000ef900000|100%| E|CS|TAMS 0x00000000ef800000, 0x00000000ef800000| Complete 
| 249|0x00000000ef900000, 0x00000000efa00000, 0x00000000efa00000|100%| E|CS|TAMS 0x00000000ef900000, 0x00000000ef900000| Complete 
| 250|0x00000000efa00000, 0x00000000efa6db60, 0x00000000efb00000| 42%| S|CS|TAMS 0x00000000efa00000, 0x00000000efa00000| Complete 
| 251|0x00000000efb00000, 0x00000000efc00000, 0x00000000efc00000|100%| S|CS|TAMS 0x00000000efb00000, 0x00000000efb00000| Complete 
| 252|0x00000000efc00000, 0x00000000efd00000, 0x00000000efd00000|100%| E|CS|TAMS 0x00000000efc00000, 0x00000000efc00000| Complete 
| 253|0x00000000efd00000, 0x00000000efe00000, 0x00000000efe00000|100%| E|CS|TAMS 0x00000000efd00000, 0x00000000efd00000| Complete 
| 254|0x00000000efe00000, 0x00000000eff00000, 0x00000000eff00000|100%| E|CS|TAMS 0x00000000efe00000, 0x00000000efe00000| Complete 
| 255|0x00000000eff00000, 0x00000000f0000000, 0x00000000f0000000|100%| E|CS|TAMS 0x00000000eff00000, 0x00000000eff00000| Complete 

Card table byte_map: [0x0000019d30de0000,0x0000019d30ee0000] _byte_map_base: 0x0000019d306e0000

Marking Bits (Prev, Next): (CMBitMap*) 0x0000019d19c10f70, (CMBitMap*) 0x0000019d19c10f30
 Prev Bits: [0x0000019d317e0000, 0x0000019d31fe0000)
 Next Bits: [0x0000019d30fe0000, 0x0000019d317e0000)

Polling page: 0x0000019d178b0000

Metaspace:

Usage:
  Non-class:     28.57 MB used.
      Class:      4.80 MB used.
       Both:     33.37 MB used.

Virtual space:
  Non-class space:       64.00 MB reserved,      28.88 MB ( 45%) committed,  1 nodes.
      Class space:      320.00 MB reserved,       5.06 MB (  2%) committed,  1 nodes.
             Both:      384.00 MB reserved,      33.94 MB (  9%) committed. 

Chunk freelists:
   Non-Class:  2.30 MB
       Class:  10.85 MB
        Both:  13.14 MB

MaxMetaspaceSize: 384.00 MB
CompressedClassSpaceSize: 320.00 MB
Initial GC threshold: 21.00 MB
Current GC threshold: 35.12 MB
CDS: on
MetaspaceReclaimPolicy: balanced
 - commit_granule_bytes: 65536.
 - commit_granule_words: 8192.
 - virtual_space_node_default_size: 8388608.
 - enlarge_chunks_in_place: 1.
 - new_chunks_are_fully_committed: 0.
 - uncommit_free_chunks: 1.
 - use_allocation_guard: 0.
 - handle_deallocations: 1.


Internal statistics:

num_allocs_failed_limit: 3.
num_arena_births: 626.
num_arena_deaths: 0.
num_vsnodes_births: 2.
num_vsnodes_deaths: 0.
num_space_committed: 543.
num_space_uncommitted: 0.
num_chunks_returned_to_freelist: 3.
num_chunks_taken_from_freelist: 1966.
num_chunk_merges: 3.
num_chunk_splits: 1296.
num_chunks_enlarged: 893.
num_inconsistent_stats: 0.

CodeHeap 'non-profiled nmethods': size=120000Kb used=2122Kb max_used=2122Kb free=117878Kb
 bounds [0x0000019d29250000, 0x0000019d294c0000, 0x0000019d30780000]
CodeHeap 'profiled nmethods': size=120000Kb used=8035Kb max_used=8035Kb free=111964Kb
 bounds [0x0000019d21780000, 0x0000019d21f60000, 0x0000019d28cb0000]
CodeHeap 'non-nmethods': size=5760Kb used=1639Kb max_used=1657Kb free=4120Kb
 bounds [0x0000019d28cb0000, 0x0000019d28f20000, 0x0000019d29250000]
 total_blobs=4532 nmethods=3850 adapters=592
 compilation: enabled
              stopped_count=0, restarted_count=0
 full_count=0

Compilation events (20 events):
Event: 5.841 Thread 0x0000019d34c83500 3826       3       java.util.concurrent.locks.ReentrantLock$Sync::lockInterruptibly (27 bytes)
Event: 5.841 Thread 0x0000019d34c83500 nmethod 3826 0x0000019d21f3d890 code [0x0000019d21f3da80, 0x0000019d21f3deb8]
Event: 5.842 Thread 0x0000019d34c83500 3827       1       com.google.common.cache.LocalCache$StrongEntry::getValueReference (5 bytes)
Event: 5.842 Thread 0x0000019d34c83500 nmethod 3827 0x0000019d29460d10 code [0x0000019d29460ea0, 0x0000019d29460f78]
Event: 5.843 Thread 0x0000019d34c83500 3828       3       java.nio.ByteBuffer::clear (5 bytes)
Event: 5.843 Thread 0x0000019d34c83500 nmethod 3828 0x0000019d21f3e010 code [0x0000019d21f3e1c0, 0x0000019d21f3e388]
Event: 5.843 Thread 0x0000019d34c83500 3829       3       com.google.common.base.Equivalence$Equals::doHash (5 bytes)
Event: 5.844 Thread 0x0000019d34c83500 nmethod 3829 0x0000019d21f3e410 code [0x0000019d21f3e5c0, 0x0000019d21f3e788]
Event: 5.847 Thread 0x0000019d34c83500 3830       1       com.google.common.cache.CacheBuilder$3::read (2 bytes)
Event: 5.848 Thread 0x0000019d34c83500 nmethod 3830 0x0000019d29461010 code [0x0000019d294611a0, 0x0000019d29461278]
Event: 5.848 Thread 0x0000019d34c83500 3831       3       java.util.concurrent.locks.AbstractQueuedSynchronizer$ConditionNode::<init> (5 bytes)
Event: 5.848 Thread 0x0000019d34c83500 nmethod 3831 0x0000019d21f3e890 code [0x0000019d21f3ea40, 0x0000019d21f3ebf8]
Event: 5.848 Thread 0x0000019d34c83500 3832       3       java.util.concurrent.locks.AbstractQueuedSynchronizer$ConditionObject::enableWait (84 bytes)
Event: 5.849 Thread 0x0000019d34c83500 nmethod 3832 0x0000019d21f3ed10 code [0x0000019d21f3ef40, 0x0000019d21f3f688]
Event: 5.849 Thread 0x0000019d34c83500 3833       1       com.google.common.collect.MapMakerInternalMap$AbstractWeakKeyEntry::getHash (5 bytes)
Event: 5.850 Thread 0x0000019d34c83500 nmethod 3833 0x0000019d29461310 code [0x0000019d294614a0, 0x0000019d29461578]
Event: 5.851 Thread 0x0000019d34c83500 3834       1       com.google.common.cache.LocalCache$StrongEntry::getHash (5 bytes)
Event: 5.852 Thread 0x0000019d34c83500 nmethod 3834 0x0000019d29461610 code [0x0000019d294617a0, 0x0000019d29461878]
Event: 5.852 Thread 0x0000019d34c83500 3835       1       com.google.common.cache.LocalCache$StrongEntry::getKey (5 bytes)
Event: 5.852 Thread 0x0000019d34c83500 nmethod 3835 0x0000019d29461910 code [0x0000019d29461aa0, 0x0000019d29461b78]

GC Heap History (8 events):
Event: 1.181 GC heap before
{Heap before GC invocations=0 (full 0):
 garbage-first heap   total 262144K, used 26624K [0x00000000e0000000, 0x0000000100000000)
  region size 1024K, 23 young (23552K), 0 survivors (0K)
 Metaspace       used 2437K, committed 2624K, reserved 393216K
  class space    used 282K, committed 384K, reserved 327680K
}
Event: 1.185 GC heap after
{Heap after GC invocations=1 (full 0):
 garbage-first heap   total 262144K, used 11251K [0x00000000e0000000, 0x0000000100000000)
  region size 1024K, 3 young (3072K), 3 survivors (3072K)
 Metaspace       used 2437K, committed 2624K, reserved 393216K
  class space    used 282K, committed 384K, reserved 327680K
}
Event: 1.559 GC heap before
{Heap before GC invocations=1 (full 0):
 garbage-first heap   total 262144K, used 37875K [0x00000000e0000000, 0x0000000100000000)
  region size 1024K, 29 young (29696K), 3 survivors (3072K)
 Metaspace       used 4616K, committed 4736K, reserved 393216K
  class space    used 590K, committed 640K, reserved 327680K
}
Event: 1.562 GC heap after
{Heap after GC invocations=2 (full 0):
 garbage-first heap   total 262144K, used 12387K [0x00000000e0000000, 0x0000000100000000)
  region size 1024K, 2 young (2048K), 2 survivors (2048K)
 Metaspace       used 4616K, committed 4736K, reserved 393216K
  class space    used 590K, committed 640K, reserved 327680K
}
Event: 4.025 GC heap before
{Heap before GC invocations=2 (full 0):
 garbage-first heap   total 262144K, used 139363K [0x00000000e0000000, 0x0000000100000000)
  region size 1024K, 124 young (126976K), 2 survivors (2048K)
 Metaspace       used 20866K, committed 21184K, reserved 393216K
  class space    used 3014K, committed 3200K, reserved 327680K
}
Event: 4.034 GC heap after
{Heap after GC invocations=3 (full 0):
 garbage-first heap   total 262144K, used 24000K [0x00000000e0000000, 0x0000000100000000)
  region size 1024K, 12 young (12288K), 12 survivors (12288K)
 Metaspace       used 20866K, committed 21184K, reserved 393216K
  class space    used 3014K, committed 3200K, reserved 327680K
}
Event: 4.078 GC heap before
{Heap before GC invocations=3 (full 0):
 garbage-first heap   total 262144K, used 27072K [0x00000000e0000000, 0x0000000100000000)
  region size 1024K, 16 young (16384K), 12 survivors (12288K)
 Metaspace       used 21246K, committed 21504K, reserved 393216K
  class space    used 3068K, committed 3200K, reserved 327680K
}
Event: 4.086 GC heap after
{Heap after GC invocations=4 (full 0):
 garbage-first heap   total 262144K, used 25312K [0x00000000e0000000, 0x0000000100000000)
  region size 1024K, 2 young (2048K), 2 survivors (2048K)
 Metaspace       used 21246K, committed 21504K, reserved 393216K
  class space    used 3068K, committed 3200K, reserved 327680K
}

Dll operation events (15 events):
Event: 0.013 Loaded shared library C:\Users\qw100\.jdks\ms-17.0.20.1\bin\java.dll
Event: 0.032 Loaded shared library C:\Users\qw100\.jdks\ms-17.0.20.1\bin\jsvml.dll
Event: 0.092 Loaded shared library C:\Users\qw100\.jdks\ms-17.0.20.1\bin\zip.dll
Event: 0.099 Loaded shared library C:\Users\qw100\.jdks\ms-17.0.20.1\bin\instrument.dll
Event: 0.103 Loaded shared library C:\Users\qw100\.jdks\ms-17.0.20.1\bin\net.dll
Event: 0.106 Loaded shared library C:\Users\qw100\.jdks\ms-17.0.20.1\bin\nio.dll
Event: 0.108 Loaded shared library C:\Users\qw100\.jdks\ms-17.0.20.1\bin\zip.dll
Event: 0.755 Loaded shared library C:\Users\qw100\.jdks\ms-17.0.20.1\bin\jimage.dll
Event: 1.107 Loaded shared library C:\Users\qw100\.jdks\ms-17.0.20.1\bin\verify.dll
Event: 1.142 Loaded shared library C:\Users\qw100\.gradle\native\660c5614fbf4a5f2a75b1949f50a0caf5cd603558e7d8a26e50b933a0cfb79d1\windows-amd64\native-platform.dll
Event: 1.157 Loaded shared library C:\Users\qw100\.gradle\native\0.2.8\x86_64-windows-gnu\gradle-fileevents.dll
Event: 2.053 Loaded shared library C:\Users\qw100\.jdks\ms-17.0.20.1\bin\management.dll
Event: 2.058 Loaded shared library C:\Users\qw100\.jdks\ms-17.0.20.1\bin\management_ext.dll
Event: 2.226 Loaded shared library C:\Users\qw100\.jdks\ms-17.0.20.1\bin\extnet.dll
Event: 2.530 Loaded shared library C:\Users\qw100\.jdks\ms-17.0.20.1\bin\sunmscapi.dll

Deoptimization events (20 events):
Event: 5.561 Thread 0x0000019d4e0f34b0 Uncommon trap: trap_request=0xffffff45 fr.pc=0x0000019d29431248 relative=0x0000000000001128
Event: 5.561 Thread 0x0000019d4e0f34b0 Uncommon trap: reason=unstable_if action=reinterpret pc=0x0000019d29431248 method=jdk.internal.util.jar.JarIndex.get(Ljava/lang/String;)Ljava/util/LinkedList; @ 27 c2
Event: 5.561 Thread 0x0000019d4e0f34b0 DEOPT PACKING pc=0x0000019d29431248 sp=0x00000098ed3f8230
Event: 5.561 Thread 0x0000019d4e0f34b0 DEOPT UNPACKING pc=0x0000019d28d069a3 sp=0x00000098ed3f81f8 mode 2
Event: 5.680 Thread 0x0000019d4e0f34b0 DEOPT PACKING pc=0x0000019d21d2b844 sp=0x00000098ed3fa050
Event: 5.680 Thread 0x0000019d4e0f34b0 DEOPT UNPACKING pc=0x0000019d28d07143 sp=0x00000098ed3f9570 mode 0
Event: 5.681 Thread 0x0000019d4e0f34b0 DEOPT PACKING pc=0x0000019d21d2a8ac sp=0x00000098ed3fa140
Event: 5.681 Thread 0x0000019d4e0f34b0 DEOPT UNPACKING pc=0x0000019d28d07143 sp=0x00000098ed3f9600 mode 0
Event: 5.721 Thread 0x0000019d4e0f34b0 Uncommon trap: trap_request=0xffffff45 fr.pc=0x0000019d29316e08 relative=0x00000000000000e8
Event: 5.721 Thread 0x0000019d4e0f34b0 Uncommon trap: reason=unstable_if action=reinterpret pc=0x0000019d29316e08 method=jdk.internal.org.objectweb.asm.ByteVector.putShort(I)Ljdk/internal/org/objectweb/asm/ByteVector; @ 13 c2
Event: 5.721 Thread 0x0000019d4e0f34b0 DEOPT PACKING pc=0x0000019d29316e08 sp=0x00000098ed3f98e0
Event: 5.721 Thread 0x0000019d4e0f34b0 DEOPT UNPACKING pc=0x0000019d28d069a3 sp=0x00000098ed3f9868 mode 2
Event: 5.796 Thread 0x0000019d4e0f34b0 Uncommon trap: trap_request=0xffffff45 fr.pc=0x0000019d293dc3a4 relative=0x0000000000000704
Event: 5.796 Thread 0x0000019d4e0f34b0 Uncommon trap: reason=unstable_if action=reinterpret pc=0x0000019d293dc3a4 method=jdk.internal.org.objectweb.asm.Frame.execute(IILjdk/internal/org/objectweb/asm/Symbol;Ljdk/internal/org/objectweb/asm/SymbolTable;)V @ 1249 c2
Event: 5.796 Thread 0x0000019d4e0f34b0 DEOPT PACKING pc=0x0000019d293dc3a4 sp=0x00000098ed3f98a0
Event: 5.796 Thread 0x0000019d4e0f34b0 DEOPT UNPACKING pc=0x0000019d28d069a3 sp=0x00000098ed3f9850 mode 2
Event: 5.801 Thread 0x0000019d4e0f34b0 Uncommon trap: trap_request=0xffffff45 fr.pc=0x0000019d29459994 relative=0x0000000000000a74
Event: 5.801 Thread 0x0000019d4e0f34b0 Uncommon trap: reason=unstable_if action=reinterpret pc=0x0000019d29459994 method=jdk.internal.loader.URLClassPath$JarLoader.getResource(Ljava/lang/String;ZLjava/util/Set;)Ljdk/internal/loader/Resource; @ 17 c2
Event: 5.801 Thread 0x0000019d4e0f34b0 DEOPT PACKING pc=0x0000019d29459994 sp=0x00000098ed3f8960
Event: 5.801 Thread 0x0000019d4e0f34b0 DEOPT UNPACKING pc=0x0000019d28d069a3 sp=0x00000098ed3f88f8 mode 2

Classes loaded (20 events):
Event: 5.781 Loading class java/lang/BooleanBeanInfo
Event: 5.781 Loading class java/lang/BooleanBeanInfo done
Event: 5.782 Loading class java/lang/BooleanBeanInfo
Event: 5.782 Loading class java/lang/BooleanBeanInfo done
Event: 5.782 Loading class java/lang/BooleanCustomizer
Event: 5.782 Loading class java/lang/BooleanCustomizer done
Event: 5.782 Loading class java/lang/BooleanCustomizer
Event: 5.782 Loading class java/lang/BooleanCustomizer done
Event: 5.782 Loading class jdk/internal/ValueBased
Event: 5.783 Loading class jdk/internal/ValueBased done
Event: 5.807 Loading class sun/reflect/generics/reflectiveObjects/GenericArrayTypeImpl
Event: 5.807 Loading class sun/reflect/generics/reflectiveObjects/GenericArrayTypeImpl done
Event: 5.811 Loading class com/sun/beans/finder/MethodFinder
Event: 5.812 Loading class com/sun/beans/finder/AbstractFinder
Event: 5.813 Loading class com/sun/beans/finder/AbstractFinder done
Event: 5.813 Loading class com/sun/beans/finder/MethodFinder done
Event: 5.813 Loading class com/sun/beans/finder/MethodFinder$1
Event: 5.813 Loading class com/sun/beans/finder/MethodFinder$1 done
Event: 5.813 Loading class com/sun/beans/finder/FinderUtils
Event: 5.813 Loading class com/sun/beans/finder/FinderUtils done

Classes unloaded (0 events):
No events

Classes redefined (0 events):
No events

Internal exceptions (20 events):
Event: 5.700 Thread 0x0000019d4e0f34b0 Exception <a 'java/lang/NoSuchMethodError'{0x00000000e9f0ccd0}: 'java.lang.Object java.lang.invoke.DirectMethodHandle$Holder.invokeInterface(java.lang.Object, java.lang.Object, java.lang.Object, java.lang.Object)'> (0x00000000e9f0ccd0) 
thrown [s\src\hotspot\share\interpreter\linkResolver.cpp, line 759]
Event: 5.700 Thread 0x0000019d4e0f34b0 Exception <a 'java/lang/IncompatibleClassChangeError'{0x00000000e9f11530}: Found class java.lang.Object, but interface was expected> (0x00000000e9f11530) 
thrown [s\src\hotspot\share\interpreter\linkResolver.cpp, line 826]
Event: 5.714 Thread 0x0000019d4e0f34b0 Exception <a 'java/lang/NoSuchMethodError'{0x00000000e9f684c0}: 'java.lang.Object java.lang.invoke.DirectMethodHandle$Holder.invokeStatic(java.lang.Object, int, java.lang.Object, java.lang.Object)'> (0x00000000e9f684c0) 
thrown [s\src\hotspot\share\interpreter\linkResolver.cpp, line 759]
Event: 5.714 Thread 0x0000019d4e0f34b0 Exception <a 'java/lang/NoSuchMethodError'{0x00000000e9f6d0a8}: 'java.lang.Object java.lang.invoke.DirectMethodHandle$Holder.invokeSpecial(java.lang.Object, java.lang.Object, int, java.lang.Object, java.lang.Object)'> (0x00000000e9f6d0a8) 
thrown [s\src\hotspot\share\interpreter\linkResolver.cpp, line 759]
Event: 5.715 Thread 0x0000019d4e0f34b0 Exception <a 'java/lang/NoSuchMethodError'{0x00000000e9f71548}: 'java.lang.Object java.lang.invoke.DelegatingMethodHandle$Holder.delegate(java.lang.Object, int, java.lang.Object, java.lang.Object)'> (0x00000000e9f71548) 
thrown [s\src\hotspot\share\interpreter\linkResolver.cpp, line 759]
Event: 5.723 Thread 0x0000019d4e0f34b0 Exception <a 'java/lang/NoSuchMethodError'{0x00000000e9f9bf20}: 'java.lang.Object java.lang.invoke.Invokers$Holder.invokeExact_MT(java.lang.Object, java.lang.Object, java.lang.Object)'> (0x00000000e9f9bf20) 
thrown [s\src\hotspot\share\interpreter\linkResolver.cpp, line 759]
Event: 5.729 Thread 0x0000019d4e0f34b0 Exception <a 'java/lang/NoSuchMethodError'{0x00000000e9fac3b8}: 'void java.lang.invoke.Invokers$Holder.invoke_MT(java.lang.Object, java.lang.Object, java.lang.Object, java.lang.Object)'> (0x00000000e9fac3b8) 
thrown [s\src\hotspot\share\interpreter\linkResolver.cpp, line 759]
Event: 5.747 Thread 0x0000019d4e0f34b0 Exception <a 'java/lang/ClassNotFoundException'{0x00000000e9e5c9a0}: org/gradle/invocation/DefaultGradle_DecoratedBeanInfo> (0x00000000e9e5c9a0) 
thrown [s\src\hotspot\share\classfile\systemDictionary.cpp, line 257]
Event: 5.748 Thread 0x0000019d4e0f34b0 Exception <a 'java/lang/ClassNotFoundException'{0x00000000e9e6bad0}: org/gradle/invocation/DefaultGradleBeanInfo> (0x00000000e9e6bad0) 
thrown [s\src\hotspot\share\classfile\systemDictionary.cpp, line 257]
Event: 5.749 Thread 0x0000019d4e0f34b0 Exception <a 'java/lang/ClassNotFoundException'{0x00000000e9e7bcf8}: org/gradle/api/internal/project/AbstractPluginAwareBeanInfo> (0x00000000e9e7bcf8) 
thrown [s\src\hotspot\share\classfile\systemDictionary.cpp, line 257]
Event: 5.750 Thread 0x0000019d4e0f34b0 Exception <a 'java/lang/ClassNotFoundException'{0x00000000e9e8bf10}: org/gradle/api/internal/project/AbstractPluginAwareCustomizer> (0x00000000e9e8bf10) 
thrown [s\src\hotspot\share\classfile\systemDictionary.cpp, line 257]
Event: 5.752 Thread 0x0000019d4e0f34b0 Exception <a 'java/lang/ClassNotFoundException'{0x00000000e9ea0c60}: org/gradle/invocation/DefaultGradleCustomizer> (0x00000000e9ea0c60) 
thrown [s\src\hotspot\share\classfile\systemDictionary.cpp, line 257]
Event: 5.756 Thread 0x0000019d4e0f34b0 Exception <a 'java/lang/ClassNotFoundException'{0x00000000e9ee42e0}: org/gradle/invocation/DefaultGradle_DecoratedCustomizer> (0x00000000e9ee42e0) 
thrown [s\src\hotspot\share\classfile\systemDictionary.cpp, line 257]
Event: 5.778 Thread 0x0000019d4e0f34b0 Exception <a 'java/lang/NoSuchMethodError'{0x00000000e9da8370}: 'int java.lang.invoke.Invokers$Holder.linkToCallSite(java.lang.Object, java.lang.Object)'> (0x00000000e9da8370) 
thrown [s\src\hotspot\share\interpreter\linkResolver.cpp, line 759]
Event: 5.782 Thread 0x0000019d4e0f34b0 Exception <a 'java/lang/ClassNotFoundException'{0x00000000e9dbe7b8}: java/lang/BooleanBeanInfo> (0x00000000e9dbe7b8) 
thrown [s\src\hotspot\share\classfile\systemDictionary.cpp, line 257]
Event: 5.782 Thread 0x0000019d4e0f34b0 Exception <a 'java/lang/ClassNotFoundException'{0x00000000e9dc1bb0}: java/lang/BooleanCustomizer> (0x00000000e9dc1bb0) 
thrown [s\src\hotspot\share\classfile\systemDictionary.cpp, line 257]
Event: 5.802 Thread 0x0000019d4e0f34b0 Exception <a 'java/lang/ClassNotFoundException'{0x00000000e9c3d108}: groovy/lang/Closure$1BeanInfo> (0x00000000e9c3d108) 
thrown [s\src\hotspot\share\classfile\systemDictionary.cpp, line 257]
Event: 5.804 Thread 0x0000019d4e0f34b0 Exception <a 'java/lang/ClassNotFoundException'{0x00000000e9c5d9c8}: groovy/lang/ClosureBeanInfo> (0x00000000e9c5d9c8) 
thrown [s\src\hotspot\share\classfile\systemDictionary.cpp, line 257]
Event: 5.805 Thread 0x0000019d4e0f34b0 Exception <a 'java/lang/ClassNotFoundException'{0x00000000e9c7e290}: groovy/lang/ClosureCustomizer> (0x00000000e9c7e290) 
thrown [s\src\hotspot\share\classfile\systemDictionary.cpp, line 257]
Event: 5.811 Thread 0x0000019d4e0f34b0 Exception <a 'java/lang/ClassNotFoundException'{0x00000000e9cc3cc8}: groovy/lang/Closure$1Customizer> (0x00000000e9cc3cc8) 
thrown [s\src\hotspot\share\classfile\systemDictionary.cpp, line 257]

VM Operations (20 events):
Event: 5.273 Executing VM operation: HandshakeAllThreads
Event: 5.273 Executing VM operation: HandshakeAllThreads done
Event: 5.336 Executing VM operation: HandshakeAllThreads
Event: 5.336 Executing VM operation: HandshakeAllThreads done
Event: 5.407 Executing VM operation: ICBufferFull
Event: 5.407 Executing VM operation: ICBufferFull done
Event: 5.496 Executing VM operation: HandshakeAllThreads
Event: 5.497 Executing VM operation: HandshakeAllThreads done
Event: 5.660 Executing VM operation: HandshakeAllThreads
Event: 5.660 Executing VM operation: HandshakeAllThreads done
Event: 5.666 Executing VM operation: HandshakeAllThreads
Event: 5.666 Executing VM operation: HandshakeAllThreads done
Event: 5.667 Executing VM operation: HandshakeAllThreads
Event: 5.667 Executing VM operation: HandshakeAllThreads done
Event: 5.710 Executing VM operation: HandshakeAllThreads
Event: 5.710 Executing VM operation: HandshakeAllThreads done
Event: 5.781 Executing VM operation: HandshakeAllThreads
Event: 5.782 Executing VM operation: HandshakeAllThreads done
Event: 5.827 Executing VM operation: ICBufferFull
Event: 5.827 Executing VM operation: ICBufferFull done

Memory protections (0 events):
No events

Nmethod flushes (0 events):
No events

Events (20 events):
Event: 2.575 Thread 0x0000019d4e0f2580 Thread added: 0x0000019d4e0f2a90
Event: 2.604 Thread 0x0000019d4e0f2580 Thread added: 0x0000019d4e0f2fa0
Event: 2.611 Thread 0x0000019d4e0f2580 Thread added: 0x0000019d4e0f34b0
Event: 2.615 Thread 0x0000019d4e0f34b0 Thread added: 0x0000019d4e0efd00
Event: 2.623 Thread 0x0000019d4e0f34b0 Thread added: 0x0000019d4e0f0210
Event: 2.631 Thread 0x0000019d4e0f34b0 Thread added: 0x0000019d4fccb860
Event: 3.028 Thread 0x0000019d4e0f34b0 Thread added: 0x0000019d4fccbd70
Event: 3.051 Thread 0x0000019d4e0f34b0 Thread added: 0x0000019d4fccc280
Event: 3.323 Thread 0x0000019d4e0f34b0 Thread added: 0x0000019d4fccc790
Event: 3.919 Thread 0x0000019d34c83500 Thread added: 0x0000019d50731060
Event: 4.234 Thread 0x0000019d4e0f34b0 Thread added: 0x0000019d4fcccca0
Event: 4.247 Thread 0x0000019d4e0f34b0 Thread added: 0x0000019d4fccd1b0
Event: 4.486 Thread 0x0000019d4e0f34b0 Thread added: 0x0000019d4fcca420
Event: 4.492 Thread 0x0000019d4e0f34b0 Thread added: 0x0000019d4fcca930
Event: 4.649 Thread 0x0000019d4e0f34b0 Thread added: 0x0000019d4fccae40
Event: 4.716 Thread 0x0000019d4e0f34b0 Thread added: 0x0000019d4fccb350
Event: 4.960 Thread 0x0000019d4e0f34b0 Thread added: 0x0000019d512e7ab0
Event: 5.011 Thread 0x0000019d4e0f34b0 Thread added: 0x0000019d512e1060
Event: 5.219 Thread 0x0000019d4e0f34b0 Thread added: 0x0000019d512e7fc0
Event: 5.255 Thread 0x0000019d4e0f34b0 Thread added: 0x0000019d512e4d20


Dynamic libraries:
0x00007ff70d3d0000 - 0x00007ff70d3de000 	C:\Users\qw100\.jdks\ms-17.0.20.1\bin\java.exe
0x00007fffa9610000 - 0x00007fffa9808000 	C:\WINDOWS\SYSTEM32\ntdll.dll
0x00007fffa7910000 - 0x00007fffa79d2000 	C:\WINDOWS\System32\KERNEL32.DLL
0x00007fffa6cd0000 - 0x00007fffa6fc6000 	C:\WINDOWS\System32\KERNELBASE.dll
0x00007fffa7360000 - 0x00007fffa7460000 	C:\WINDOWS\System32\ucrtbase.dll
0x00007fff9f880000 - 0x00007fff9f89e000 	C:\Users\qw100\.jdks\ms-17.0.20.1\bin\VCRUNTIME140.dll
0x00007fff9fbf0000 - 0x00007fff9fc08000 	C:\Users\qw100\.jdks\ms-17.0.20.1\bin\jli.dll
0x00007fffa7e50000 - 0x00007fffa7ff1000 	C:\WINDOWS\System32\USER32.dll
0x00007fff94870000 - 0x00007fff94b0b000 	C:\WINDOWS\WinSxS\amd64_microsoft.windows.common-controls_6595b64144ccf1df_6.0.19041.6456_none_60b8a6cb71f64256\COMCTL32.dll
0x00007fffa7460000 - 0x00007fffa7482000 	C:\WINDOWS\System32\win32u.dll
0x00007fffa8890000 - 0x00007fffa88bb000 	C:\WINDOWS\System32\GDI32.dll
0x00007fffa9260000 - 0x00007fffa92fe000 	C:\WINDOWS\System32\msvcrt.dll
0x00007fffa7240000 - 0x00007fffa7359000 	C:\WINDOWS\System32\gdi32full.dll
0x00007fffa7590000 - 0x00007fffa762d000 	C:\WINDOWS\System32\msvcp_win.dll
0x00007fffa8510000 - 0x00007fffa853f000 	C:\WINDOWS\System32\IMM32.DLL
0x00007fffa0ac0000 - 0x00007fffa0acc000 	C:\Users\qw100\.jdks\ms-17.0.20.1\bin\vcruntime140_1.dll
0x00007fff50960000 - 0x00007fff509e9000 	C:\Users\qw100\.jdks\ms-17.0.20.1\bin\msvcp140.dll
0x00007fff23490000 - 0x00007fff2410b000 	C:\Users\qw100\.jdks\ms-17.0.20.1\bin\server\jvm.dll
0x00007fffa8960000 - 0x00007fffa8a11000 	C:\WINDOWS\System32\ADVAPI32.dll
0x00007fffa7870000 - 0x00007fffa790f000 	C:\WINDOWS\System32\sechost.dll
0x00007fffa94b0000 - 0x00007fffa95d0000 	C:\WINDOWS\System32\RPCRT4.dll
0x00007fffa6ca0000 - 0x00007fffa6cc7000 	C:\WINDOWS\System32\bcrypt.dll
0x00007fffa8a20000 - 0x00007fffa8a8b000 	C:\WINDOWS\System32\WS2_32.dll
0x00007fffa66f0000 - 0x00007fffa673b000 	C:\WINDOWS\SYSTEM32\POWRPROF.dll
0x00007fffa39f0000 - 0x00007fffa3a17000 	C:\WINDOWS\SYSTEM32\WINMM.dll
0x00007fff9b570000 - 0x00007fff9b57a000 	C:\WINDOWS\SYSTEM32\VERSION.dll
0x00007fffa6690000 - 0x00007fffa66a2000 	C:\WINDOWS\SYSTEM32\UMPDC.dll
0x00007fffa54b0000 - 0x00007fffa54c2000 	C:\WINDOWS\SYSTEM32\kernel.appcore.dll
0x00007fff9f870000 - 0x00007fff9f87a000 	C:\Users\qw100\.jdks\ms-17.0.20.1\bin\jimage.dll
0x00007fffa4ff0000 - 0x00007fffa51f1000 	C:\WINDOWS\SYSTEM32\DBGHELP.DLL
0x00007fffa3990000 - 0x00007fffa39c4000 	C:\WINDOWS\SYSTEM32\dbgcore.DLL
0x00007fffa7050000 - 0x00007fffa70d2000 	C:\WINDOWS\System32\bcryptPrimitives.dll
0x00007fff9f860000 - 0x00007fff9f86f000 	C:\Users\qw100\.jdks\ms-17.0.20.1\bin\instrument.dll
0x00007fff550f0000 - 0x00007fff55116000 	C:\Users\qw100\.jdks\ms-17.0.20.1\bin\java.dll
0x00007fff4fec0000 - 0x00007fff4ff96000 	C:\Users\qw100\.jdks\ms-17.0.20.1\bin\jsvml.dll
0x00007fffa8a90000 - 0x00007fffa9200000 	C:\WINDOWS\System32\SHELL32.dll
0x00007fffa4710000 - 0x00007fffa4eb5000 	C:\WINDOWS\SYSTEM32\windows.storage.dll
0x00007fffa81b0000 - 0x00007fffa8504000 	C:\WINDOWS\System32\combase.dll
0x00007fffa6660000 - 0x00007fffa668b000 	C:\WINDOWS\SYSTEM32\Wldp.dll
0x00007fffa87c0000 - 0x00007fffa888d000 	C:\WINDOWS\System32\OLEAUT32.dll
0x00007fffa7760000 - 0x00007fffa780d000 	C:\WINDOWS\System32\SHCORE.dll
0x00007fffa8540000 - 0x00007fffa859b000 	C:\WINDOWS\System32\shlwapi.dll
0x00007fffa6bd0000 - 0x00007fffa6bf4000 	C:\WINDOWS\SYSTEM32\profapi.dll
0x00007fff96420000 - 0x00007fff96438000 	C:\Users\qw100\.jdks\ms-17.0.20.1\bin\zip.dll
0x00007fff96340000 - 0x00007fff9635b000 	C:\Users\qw100\.jdks\ms-17.0.20.1\bin\net.dll
0x00007fffa2110000 - 0x00007fffa221a000 	C:\WINDOWS\SYSTEM32\WINHTTP.dll
0x00007fffa63c0000 - 0x00007fffa642a000 	C:\WINDOWS\system32\mswsock.dll
0x00007fff85520000 - 0x00007fff85536000 	C:\Users\qw100\.jdks\ms-17.0.20.1\bin\nio.dll
0x00007fff9f850000 - 0x00007fff9f860000 	C:\Users\qw100\.jdks\ms-17.0.20.1\bin\verify.dll
0x00007fff9f6c0000 - 0x00007fff9f6e7000 	C:\Users\qw100\.gradle\native\660c5614fbf4a5f2a75b1949f50a0caf5cd603558e7d8a26e50b933a0cfb79d1\windows-amd64\native-platform.dll
0x00007fff4c9f0000 - 0x00007fff4ca67000 	C:\Users\qw100\.gradle\native\0.2.8\x86_64-windows-gnu\gradle-fileevents.dll
0x00007fff9f760000 - 0x00007fff9f76a000 	C:\Users\qw100\.jdks\ms-17.0.20.1\bin\management.dll
0x00007fff96ee0000 - 0x00007fff96eec000 	C:\Users\qw100\.jdks\ms-17.0.20.1\bin\management_ext.dll
0x00007fffa88c0000 - 0x00007fffa88c8000 	C:\WINDOWS\System32\PSAPI.DLL
0x00007fffa60a0000 - 0x00007fffa60db000 	C:\WINDOWS\SYSTEM32\IPHLPAPI.DLL
0x00007fffa94a0000 - 0x00007fffa94a8000 	C:\WINDOWS\System32\NSI.dll
0x00007fffa0950000 - 0x00007fffa0967000 	C:\WINDOWS\SYSTEM32\dhcpcsvc6.DLL
0x00007fffa0eb0000 - 0x00007fffa0ecd000 	C:\WINDOWS\SYSTEM32\dhcpcsvc.DLL
0x00007fffa60e0000 - 0x00007fffa61aa000 	C:\WINDOWS\SYSTEM32\DNSAPI.dll
0x00007fff966d0000 - 0x00007fff966d9000 	C:\Users\qw100\.jdks\ms-17.0.20.1\bin\extnet.dll
0x00007fffa65b0000 - 0x00007fffa65c8000 	C:\WINDOWS\SYSTEM32\CRYPTSP.dll
0x00007fffa5c70000 - 0x00007fffa5ca8000 	C:\WINDOWS\system32\rsaenh.dll
0x00007fffa6b50000 - 0x00007fffa6b7e000 	C:\WINDOWS\SYSTEM32\USERENV.dll
0x00007fffa65d0000 - 0x00007fffa65dc000 	C:\WINDOWS\SYSTEM32\CRYPTBASE.dll
0x00007fff922e0000 - 0x00007fff922ee000 	C:\Users\qw100\.jdks\ms-17.0.20.1\bin\sunmscapi.dll
0x00007fffa70e0000 - 0x00007fffa723d000 	C:\WINDOWS\System32\CRYPT32.dll
0x00007fffa6740000 - 0x00007fffa6767000 	C:\WINDOWS\SYSTEM32\ncrypt.dll
0x00007fffa66b0000 - 0x00007fffa66eb000 	C:\WINDOWS\SYSTEM32\NTASN1.dll
0x00007fff7ea00000 - 0x00007fff7ea07000 	C:\WINDOWS\system32\wshunix.dll

dbghelp: loaded successfully - version: 4.0.5 - missing functions: none
symbol engine: initialized successfully - sym options: 0x614 - pdb path: .;C:\Users\qw100\.jdks\ms-17.0.20.1\bin;C:\WINDOWS\SYSTEM32;C:\WINDOWS\WinSxS\amd64_microsoft.windows.common-controls_6595b64144ccf1df_6.0.19041.6456_none_60b8a6cb71f64256;C:\Users\qw100\.jdks\ms-17.0.20.1\bin\server;C:\Users\qw100\.gradle\native\660c5614fbf4a5f2a75b1949f50a0caf5cd603558e7d8a26e50b933a0cfb79d1\windows-amd64;C:\Users\qw100\.gradle\native\0.2.8\x86_64-windows-gnu

VM Arguments:
jvm_args: --add-opens=java.base/java.lang=ALL-UNNAMED --add-opens=java.base/java.lang.invoke=ALL-UNNAMED --add-opens=java.base/java.util=ALL-UNNAMED --add-opens=java.prefs/java.util.prefs=ALL-UNNAMED --add-exports=jdk.compiler/com.sun.tools.javac.api=ALL-UNNAMED --add-exports=jdk.compiler/com.sun.tools.javac.util=ALL-UNNAMED --add-opens=java.base/java.nio.charset=ALL-UNNAMED --add-opens=java.base/java.net=ALL-UNNAMED --add-opens=java.base/java.util.concurrent=ALL-UNNAMED --add-opens=java.base/java.util.concurrent.atomic=ALL-UNNAMED --add-opens=java.xml/javax.xml.namespace=ALL-UNNAMED --add-opens=java.base/java.time=ALL-UNNAMED -XX:MaxMetaspaceSize=384m -XX:+HeapDumpOnOutOfMemoryError -Xms256m -Xmx512m -Dfile.encoding=UTF-8 -Duser.country=CN -Duser.language=zh -Duser.variant -javaagent:C:\Users\qw100\.gradle\wrapper\dists\gradle-9.7.1-bin\1w1c7tv4s851m17nbqdsro2tv\gradle-9.7.1\lib\agents\gradle-instrumentation-agent-9.7.1.jar 
java_command: org.gradle.launcher.daemon.bootstrap.GradleDaemon 9.7.1
java_class_path (initial): C:\Users\qw100\.gradle\wrapper\dists\gradle-9.7.1-bin\1w1c7tv4s851m17nbqdsro2tv\gradle-9.7.1\lib\gradle-daemon-main-9.7.1.jar
Launcher Type: SUN_STANDARD

[Global flags]
     intx CICompilerCount                          = 4                                         {product} {ergonomic}
   size_t CompressedClassSpaceSize                 = 335544320                                 {product} {ergonomic}
     uint ConcGCThreads                            = 3                                         {product} {ergonomic}
     uint G1ConcRefinementThreads                  = 10                                        {product} {ergonomic}
   size_t G1HeapRegionSize                         = 1048576                                   {product} {ergonomic}
    uintx GCDrainStackTargetSize                   = 64                                        {product} {ergonomic}
     bool HeapDumpOnOutOfMemoryError               = true                                   {manageable} {command line}
   size_t InitialHeapSize                          = 268435456                                 {product} {command line}
   size_t MarkStackSize                            = 4194304                                   {product} {ergonomic}
   size_t MaxHeapSize                              = 536870912                                 {product} {command line}
   size_t MaxMetaspaceSize                         = 402653184                                 {product} {command line}
   size_t MaxNewSize                               = 321912832                                 {product} {ergonomic}
   size_t MinHeapDeltaBytes                        = 1048576                                   {product} {ergonomic}
   size_t MinHeapSize                              = 268435456                                 {product} {command line}
    uintx NonNMethodCodeHeapSize                   = 5839372                                {pd product} {ergonomic}
    uintx NonProfiledCodeHeapSize                  = 122909434                              {pd product} {ergonomic}
    uintx ProfiledCodeHeapSize                     = 122909434                              {pd product} {ergonomic}
    uintx ReservedCodeCacheSize                    = 251658240                              {pd product} {ergonomic}
     bool SegmentedCodeCache                       = true                                      {product} {ergonomic}
   size_t SoftMaxHeapSize                          = 536870912                              {manageable} {ergonomic}
     bool UseCompressedClassPointers               = true                           {product lp64_product} {ergonomic}
     bool UseCompressedOops                        = true                           {product lp64_product} {ergonomic}
     bool UseG1GC                                  = true                                      {product} {ergonomic}
     bool UseLargePagesIndividualAllocation        = false                                  {pd product} {ergonomic}

Logging:
Log output configuration:
 #0: stdout all=warning uptime,level,tags
 #1: stderr all=off uptime,level,tags

Environment Variables:
JAVA_HOME=C:\Users\qw100\.jdks\ms-17.0.20.1
PATH=C:\WINDOWS\system32;C:\WINDOWS;C:\WINDOWS\System32\Wbem;C:\WINDOWS\System32\WindowsPowerShell\v1.0\;C:\WINDOWS\System32\OpenSSH\;C:\Users\qw100\.jdks\ms-17.0.20.1\bin;C:\Program Files\MySQL\MySQL Server 26.7\bin;C:\Users\qw100\AppData\Roaming\nvm;C:\Program Files\nodejs;D:\sofeware\xshell\;C:\Program Files (x86)\NetSarang\Xftp 8\;C:\Program Files\Git\cmd;C:\Program Files\TortoiseGit\bin;C:\Users\qw100\AppData\Local\Programs\Python\Python312\Scripts\;C:\Users\qw100\AppData\Local\Programs\Python\Python312\;C:\Users\qw100\AppData\Local\Programs\Python\Launcher\;C:\Users\qw100\AppData\Local\Author Software\nvm;C:\Users\qw100\AppData\Local\Author Software\nvm\\.nodejs;C:\Users\qw100\AppData\Local\Microsoft\WindowsApps;D:\sofeware\vscode\Microsoft VS Code\bin;C:\Users\qw100\AppData\Roaming\nvm;C:\Program Files\nodejs
USERNAME=qw100
OS=Windows_NT
PROCESSOR_IDENTIFIER=AMD64 Family 23 Model 104 Stepping 1, AuthenticAMD
TMP=C:\Users\qw100\AppData\Local\Temp
TEMP=C:\Users\qw100\AppData\Local\Temp



Periodic native trim disabled


---------------  S Y S T E M  ---------------

OS:
 Windows 10 , 64 bit Build 19041 (10.0.19041.5915)
OS uptime: 0 days 18:14 hours

CPU: total 12 (initial active 12) (12 cores per cpu, 2 threads per core) family 23 model 104 stepping 1 microcode 0x0, cx8, cmov, fxsr, ht, mmx, 3dnowpref, sse, sse2, sse3, ssse3, sse4a, sse4.1, sse4.2, popcnt, lzcnt, tsc, tscinvbit, avx, avx2, aes, clmul, bmi1, bmi2, adx, sha, fma, vzeroupper, clflush, clflushopt
Processor Information for the first 12 processors :
  Max Mhz: 2100, Current Mhz: 2100, Mhz Limit: 2100

Memory: 4k page, system-wide physical 7530M (363M free)
TotalPageFile size 20330M (AvailPageFile size 5M)
current process WorkingSet (physical memory assigned to process): 317M, peak: 317M
current process commit charge ("private bytes"): 467M, peak: 467M

vm_info: OpenJDK 64-Bit Server VM (17.0.20.1+1-LTS) for windows-amd64 JRE (17.0.20.1+1-LTS), built on Aug 11 2026 20:17:22 by "MicrosoftCorporation" with MS VC++ 17.14 (VS2022)

END.
